Archive member included to satisfy reference by file (symbol)

../DaisyExamples/libDaisy/build\libdaisy.a(daisy_seed.o)
                              build/LaserHarp.o (daisy::DaisySeed::Configure())
../DaisyExamples/libDaisy/build\libdaisy.a(codec_ak4556.o)
                              ../DaisyExamples/libDaisy/build\libdaisy.a(daisy_seed.o) (daisy::Ak4556::Init(dsy_gpio_pin))
../DaisyExamples/libDaisy/build\libdaisy.a(codec_wm8731.o)
                              ../DaisyExamples/libDaisy/build\libdaisy.a(daisy_seed.o) (daisy::Wm8731::Init(daisy::Wm8731::Config const&, daisy::I2CHandle))
../DaisyExamples/libDaisy/build\libdaisy.a(sdram.o)
                              ../DaisyExamples/libDaisy/build\libdaisy.a(daisy_seed.o) (SdramHandle::Init())
../DaisyExamples/libDaisy/build\libdaisy.a(audio.o)
                              ../DaisyExamples/libDaisy/build\libdaisy.a(daisy_seed.o) (daisy::AudioHandle::Init(daisy::AudioHandle::Config const&, daisy::SaiHandle))
../DaisyExamples/libDaisy/build\libdaisy.a(midi.o)
                              build/MidiController.o (daisy::MidiUartTransport::Config::Config())
../DaisyExamples/libDaisy/build\libdaisy.a(midi_parser.o)
                              build/MidiController.o (daisy::MidiParser::Reset())
../DaisyExamples/libDaisy/build\libdaisy.a(usb_midi.o)
                              build/MidiController.o (daisy::MidiUsbTransport::Init(daisy::MidiUsbTransport::Config))
../DaisyExamples/libDaisy/build\libdaisy.a(gpio.o)
                              build/LaserHarp.o (daisy::GPIO::Init(daisy::Pin, daisy::GPIO::Mode, daisy::GPIO::Pull, daisy::GPIO::Speed))
../DaisyExamples/libDaisy/build\libdaisy.a(i2c.o)
                              ../DaisyExamples/libDaisy/build\libdaisy.a(daisy_seed.o) (daisy::I2CHandle::Init(daisy::I2CHandle::Config const&))
../DaisyExamples/libDaisy/build\libdaisy.a(qspi.o)
                              ../DaisyExamples/libDaisy/build\libdaisy.a(daisy_seed.o) (daisy::QSPIHandle::Init(daisy::QSPIHandle::Config const&))
../DaisyExamples/libDaisy/build\libdaisy.a(sai.o)
                              ../DaisyExamples/libDaisy/build\libdaisy.a(daisy_seed.o) (daisy::SaiHandle::Init(daisy::SaiHandle::Config const&))
../DaisyExamples/libDaisy/build\libdaisy.a(uart.o)
                              build/MidiController.o (daisy::UartHandler::Init(daisy::UartHandler::Config const&))
../DaisyExamples/libDaisy/build\libdaisy.a(dma.o)
                              ../DaisyExamples/libDaisy/build\libdaisy.a(uart.o) (dsy_dma_invalidate_cache_for_buffer)
../DaisyExamples/libDaisy/build\libdaisy.a(system.o)
                              ../DaisyExamples/libDaisy/build\libdaisy.a(daisy_seed.o) (daisy::System::DeInit())
../DaisyExamples/libDaisy/build\libdaisy.a(system_stm32h7xx.o)
                              build/startup_stm32h750xx.o (SystemInit)
../DaisyExamples/libDaisy/build\libdaisy.a(usbd_conf.o)
                              ../DaisyExamples/libDaisy/build\libdaisy.a(system.o) (hpcd_USB_OTG_HS)
../DaisyExamples/libDaisy/build\libdaisy.a(usbh_conf.o)
                              ../DaisyExamples/libDaisy/build\libdaisy.a(system.o) (hhcd_USB_OTG_HS)
../DaisyExamples/libDaisy/build\libdaisy.a(hal_map.o)
                              ../DaisyExamples/libDaisy/build\libdaisy.a(gpio.o) (dsy_hal_map_get_port)
../DaisyExamples/libDaisy/build\libdaisy.a(stm32h7xx_hal.o)
                              ../DaisyExamples/libDaisy/build\libdaisy.a(system.o) (HAL_Init)
../DaisyExamples/libDaisy/build\libdaisy.a(stm32h7xx_hal_cortex.o)
                              ../DaisyExamples/libDaisy/build\libdaisy.a(stm32h7xx_hal.o) (HAL_NVIC_SetPriorityGrouping)
../DaisyExamples/libDaisy/build\libdaisy.a(stm32h7xx_hal_dma.o)
                              ../DaisyExamples/libDaisy/build\libdaisy.a(i2c.o) (HAL_DMA_Init)
../DaisyExamples/libDaisy/build\libdaisy.a(stm32h7xx_hal_gpio.o)
                              ../DaisyExamples/libDaisy/build\libdaisy.a(sdram.o) (HAL_GPIO_Init)
../DaisyExamples/libDaisy/build\libdaisy.a(stm32h7xx_hal_hcd.o)
                              ../DaisyExamples/libDaisy/build\libdaisy.a(usbh_conf.o) (HAL_HCD_HC_Init)
../DaisyExamples/libDaisy/build\libdaisy.a(stm32h7xx_hal_i2c.o)
                              ../DaisyExamples/libDaisy/build\libdaisy.a(i2c.o) (HAL_I2C_Init)
../DaisyExamples/libDaisy/build\libdaisy.a(stm32h7xx_hal_i2c_ex.o)
                              ../DaisyExamples/libDaisy/build\libdaisy.a(i2c.o) (HAL_I2CEx_ConfigAnalogFilter)
../DaisyExamples/libDaisy/build\libdaisy.a(stm32h7xx_hal_pcd.o)
                              ../DaisyExamples/libDaisy/build\libdaisy.a(usbd_conf.o) (HAL_PCD_Init)
../DaisyExamples/libDaisy/build\libdaisy.a(stm32h7xx_hal_pcd_ex.o)
                              ../DaisyExamples/libDaisy/build\libdaisy.a(usbd_conf.o) (HAL_PCDEx_SetTxFiFo)
../DaisyExamples/libDaisy/build\libdaisy.a(stm32h7xx_hal_pwr_ex.o)
[...]
Memory Configuration

Name             Origin             Length             Attributes
FLASH            0x08000000         0x00020000         xr
DTCMRAM          0x20000000         0x00020000         xrw
SRAM             0x24000000         0x00080000         xrw
RAM_D2           0x30000000         0x00048000         xrw
RAM_D3           0x38000000         0x00010000         xrw
BACKUP_SRAM      0x38800000         0x00001000         xrw
ITCMRAM          0x00000000         0x00010000         xrw
SDRAM            0xc0000000         0x04000000         xrw
QSPIFLASH        0x90000000         0x00800000         xr
*default*        0x00000000         0xffffffff

Linker script and memory map

LOAD c:/program files/daisytoolchain/bin/../lib/gcc/arm-none-eabi/10.2.1/thumb/v7e-m+dp/hard/crti.o
LOAD c:/program files/daisytoolchain/bin/../lib/gcc/arm-none-eabi/10.2.1/thumb/v7e-m+dp/hard/crtbegin.o
LOAD c:/program files/daisytoolchain/bin/../lib/gcc/arm-none-eabi/10.2.1/../../../../arm-none-eabi/lib/thumb/v7e-m+dp/hard/crt0.o
LOAD build/startup_stm32h750xx.o
LOAD build/LaserHarp.o
LOAD build/MidiController.o
LOAD build/AudioSynthesizer.o
LOAD build/ConfigManager.o
LOAD ../DaisyExamples/libDaisy/build\libdaisy.a
LOAD c:/program files/daisytoolchain/bin/../lib/gcc/arm-none-eabi/10.2.1/../../../../arm-none-eabi/lib/thumb/v7e-m+dp/hard\libnosys.a
LOAD ../DaisyExamples/DaisySP/build\libdaisysp.a
LOAD c:/program files/daisytoolchain/bin/../lib/gcc/arm-none-eabi/10.2.1/../../../../arm-none-eabi/lib/thumb/v7e-m+dp/hard\libstdc++_nano.a
LOAD c:/program files/daisytoolchain/bin/../lib/gcc/arm-none-eabi/10.2.1/../../../../arm-none-eabi/lib/thumb/v7e-m+dp/hard\libm.a
LOAD c:/program files/daisytoolchain/bin/../lib/gcc/arm-none-eabi/10.2.1/../../../../arm-none-eabi/lib/thumb/v7e-m+dp/hard\libc_nano.a
START GROUP
LOAD c:/program files/daisytoolchain/bin/../lib/gcc/arm-none-eabi/10.2.1/thumb/v7e-m+dp/hard\libgcc.a
LOAD c:/program files/daisytoolchain/bin/../lib/gcc/arm-none-eabi/10.2.1/../../../../arm-none-eabi/lib/thumb/v7e-m+dp/hard\libc_nano.a
END GROUP
START GROUP
LOAD c:/program files/daisytoolchain/bin/../lib/gcc/arm-none-eabi/10.2.1/thumb/v7e-m+dp/hard\libgcc.a
LOAD c:/program files/daisytoolchain/bin/../lib/gcc/arm-none-eabi/10.2.1/../../../../arm-none-eabi/lib/thumb/v7e-m+dp/hard\libc_nano.a
LOAD c:/program files/daisytoolchain/bin/../lib/gcc/arm-none-eabi/10.2.1/../../../../arm-none-eabi/lib/thumb/v7e-m+dp/hard\libnosys.a
END GROUP
START GROUP
LOAD c:/program files/daisytoolchain/bin/../lib/gcc/arm-none-eabi/10.2.1/thumb/v7e-m+dp/hard\libgcc.a
LOAD c:/program files/daisytoolchain/bin/../lib/gcc/arm-none-eabi/10.2.1/../../../../arm-none-eabi/lib/thumb/v7e-m+dp/hard\libc_nano.a
LOAD c:/program files/daisytoolchain/bin/../lib/gcc/arm-none-eabi/10.2.1/../../../../arm-none-eabi/lib/thumb/v7e-m+dp/hard\libnosys.a
END GROUP
LOAD c:/program files/daisytoolchain/bin/../lib/gcc/arm-none-eabi/10.2.1/thumb/v7e-m+dp/hard/crtend.o
LOAD c:/program files/daisytoolchain/bin/../lib/gcc/arm-none-eabi/10.2.1/thumb/v7e-m+dp/hard/crtn.o
                0x20020000                _estack = 0x20020000

.isr_vector     0x08000000      0x298
                0x08000000                . = ALIGN (0x4)
 *(.isr_vector)
 .isr_vector    0x08000000      0x298 build/startup_stm32h750xx.o
                0x08000000                g_pfnVectors
                0x08000298                . = ALIGN (0x4)

.text           0x080002a0    0x13420
                0x080002a0                . = ALIGN (0x4)
                0x080002a0                _stext = .
 *(.text)
 .text          0x080002a0       0x40 c:/program files/daisytoolchain/bin/../lib/gcc/arm-none-eabi/10.2.1/thumb/v7e-m+dp/hard/crtbegin.o
 .text          0x080002e0       0xa0 c:/program files/daisytoolchain/bin/../lib/gcc/arm-none-eabi/10.2.1/../../../../arm-none-eabi/lib/thumb/v7e-m+dp/hard\libc_nano.a(lib_a-memchr.o)
                0x080002e0                memchr
 .text          0x08000380       0x30 c:/program files/daisytoolchain/bin/../lib/gcc/arm-none-eabi/10.2.1/thumb/v7e-m+dp/hard\libgcc.a(_aeabi_uldivmod.o)
                0x08000380                __aeabi_uldivmod
 .text          0x080003b0      0x2d0 c:/program files/daisytoolchain/bin/../lib/gcc/arm-none-eabi/10.2.1/thumb/v7e-m+dp/hard\libgcc.a(_udivmoddi4.o)
                0x080003b0                __udivmoddi4
 .text          0x08000680        0x4 c:/program files/daisytoolchain/bin/../lib/gcc/arm-none-eabi/10.2.1/thumb/v7e-m+dp/hard\libgcc.a(_dvmd_tls.o)
                0x08000680                __aeabi_idiv0
                0x08000680                __aeabi_ldiv0
 *(.text*)
 .text.Default_Handler
                0x08000684        0x4 build/startup_stm32h750xx.o
                0x08000684                RTC_Alarm_IRQHandler
                0x08000684                HASH_RNG_IRQHandler
                0x08000684                EXTI2_IRQHandler
                0x08000684                TIM8_CC_IRQHandler
                0x08000684                HRTIM1_Master_IRQHandler
                0x08000684                DebugMon_Handler
                0x08000684                TIM1_CC_IRQHandler
                0x08000684                BDMA_Channel6_IRQHandler
                0x08000684                DMA2_Stream5_IRQHandler
                0x08000684                HRTIM1_FLT_IRQHandler
                0x08000684                JPEG_IRQHandler
                0x08000684                BDMA_Channel1_IRQHandler
                0x08000684                HRTIM1_TIMD_IRQHandler
                0x08000684                TAMP_STAMP_IRQHandler
                0x08000684                PendSV_Handler
                0x08000684                NMI_Handler
                0x08000684                EXTI3_IRQHandler
                0x08000684                LPTIM4_IRQHandler
                0x08000684                TIM8_TRG_COM_TIM14_IRQHandler
                0x08000684                LPTIM2_IRQHandler
                0x08000684                DFSDM1_FLT1_IRQHandler
                0x08000684                DMAMUX2_OVR_IRQHandler
                0x08000684                TIM8_UP_TIM13_IRQHandler
                0x08000684                I2C3_ER_IRQHandler
                0x08000684                DFSDM1_FLT2_IRQHandler
                0x08000684                MDMA_IRQHandler
                0x08000684                LPTIM3_IRQHandler
                0x08000684                HSEM1_IRQHandler
                0x08000684                EXTI0_IRQHandler
                0x08000684                DMA1_Stream2_IRQHandler
                0x08000684                FPU_IRQHandler
                0x08000684                OTG_HS_WKUP_IRQHandler
                0x08000684                FDCAN1_IT1_IRQHandler
                0x08000684                UsageFault_Handler
                0x08000684                LTDC_ER_IRQHandler
                0x08000684                HRTIM1_TIME_IRQHandler
                0x08000684                TIM6_DAC_IRQHandler
                0x08000684                DCMI_IRQHandler
                0x08000684                HRTIM1_TIMC_IRQHandler
                0x08000684                SAI2_IRQHandler
                0x08000684                DFSDM1_FLT3_IRQHandler
                0x08000684                TIM17_IRQHandler
                0x08000684                CRYP_IRQHandler
                0x08000684                BDMA_Channel7_IRQHandler
                0x08000684                LPTIM5_IRQHandler
                0x08000684                ADC3_IRQHandler
                0x08000684                DMA2_Stream0_IRQHandler
                0x08000684                BDMA_Channel2_IRQHandler
                0x08000684                DMAMUX1_OVR_IRQHandler
                0x08000684                TIM16_IRQHandler
                0x08000684                BDMA_Channel5_IRQHandler
                0x08000684                RCC_IRQHandler
                0x08000684                TIM8_BRK_TIM12_IRQHandler
                0x08000684                TIM1_TRG_COM_IRQHandler
                0x08000684                Default_Handler
                0x08000684                ECC_IRQHandler
                0x08000684                CEC_IRQHandler
                0x08000684                EXTI15_10_IRQHandler
                0x08000684                BDMA_Channel0_IRQHandler
                0x08000684                ADC_IRQHandler
                0x08000684                DMA1_Stream7_IRQHandler
                0x08000684                HRTIM1_TIMA_IRQHandler
                0x08000684                TIM7_IRQHandler
                0x08000684                SDMMC1_IRQHandler
                0x08000684                DMA2_Stream7_IRQHandler
                0x08000684                TIM15_IRQHandler
                0x08000684                PVD_AVD_IRQHandler
                0x08000684                EXTI9_5_IRQHandler
                0x08000684                RTC_WKUP_IRQHandler
                0x08000684                LTDC_IRQHandler
                0x08000684                SAI3_IRQHandler
                0x08000684                ETH_WKUP_IRQHandler
                0x08000684                SPDIF_RX_IRQHandler
                0x08000684                MemManage_Handler
                0x08000684                SVC_Handler
                0x08000684                CRS_IRQHandler
                0x08000684                EXTI4_IRQHandler
                0x08000684                HRTIM1_TIMB_IRQHandler
                0x08000684                FDCAN2_IT1_IRQHandler
                0x08000684                ETH_IRQHandler
                0x08000684                TIM1_UP_IRQHandler
                0x08000684                BDMA_Channel4_IRQHandler
                0x08000684                WWDG_IRQHandler
                0x08000684                SPI6_IRQHandler
                0x08000684                I2C4_EV_IRQHandler
                0x08000684                MDIOS_IRQHandler
                0x08000684                FDCAN2_IT0_IRQHandler
                0x08000684                FDCAN1_IT0_IRQHandler
                0x08000684                OTG_FS_WKUP_IRQHandler
                0x08000684                DMA2D_IRQHandler
                0x08000684                TIM1_BRK_IRQHandler
                0x08000684                EXTI1_IRQHandler
                0x08000684                SDMMC2_IRQHandler
                0x08000684                BDMA_Channel3_IRQHandler
                0x08000684                MDIOS_WKUP_IRQHandler
                0x08000684                DFSDM1_FLT0_IRQHandler
                0x08000684                SAI4_IRQHandler
                0x08000684                I2C2_ER_IRQHandler
                0x08000684                DMA2_Stream1_IRQHandler
                0x08000684                FLASH_IRQHandler
                0x08000684                BusFault_Handler
                0x08000684                WAKEUP_PIN_IRQHandler
                0x08000684                I2C1_ER_IRQHandler
                0x08000684                FMC_IRQHandler
                0x08000684                FDCAN_CAL_IRQHandler
                0x08000684                SWPMI1_IRQHandler
                0x08000684                COMP1_IRQHandler
                0x08000684                LPTIM1_IRQHandler
                0x08000684                I2C4_ER_IRQHandler
                0x08000684                DMA2_Stream6_IRQHandler
                0x08000684                SAI1_IRQHandler
 .text.Reset_Handler
                0x08000688       0x44 build/startup_stm32h750xx.o
                0x08000688                Reset_Handler
 .text._ZN5daisy9DaisySeedD2Ev
                0x080006cc        0x4 build/LaserHarp.o
                0x080006cc                daisy::DaisySeed::~DaisySeed()
                0x080006cc                daisy::DaisySeed::~DaisySeed()
 .text._Z13AudioCallbackPKPKfPPfj
                0x080006d0       0x10 build/LaserHarp.o
                0x080006d0                AudioCallback(float const* const*, float**, unsigned int)
 .text._Z16InitializeSystemv
                0x080006e0      0x1ac build/LaserHarp.o
                0x080006e0                InitializeSystem()
 .text._Z16UpdateBeamInputsv
                0x0800088c      0x114 build/LaserHarp.o
                0x0800088c                UpdateBeamInputs()
 .text.startup.main
                0x080009a0       0x1c build/LaserHarp.o
                0x080009a0                main
 .text.startup._GLOBAL__sub_I_hardware
                0x080009bc       0x94 build/LaserHarp.o
 .text._ZN14MidiController15SendMidiMessageEhh.part.0
                0x08000a50       0x70 build/MidiController.o
 .text._ZN14MidiControllerC2Ev
                0x08000ac0       0xb0 build/MidiController.o
                0x08000ac0                MidiController::MidiController()
                0x08000ac0                MidiController::MidiController()
 .text._ZN14MidiControllerD2Ev
                0x08000b70        0x4 build/MidiController.o
                0x08000b70                MidiController::~MidiController()
                0x08000b70                MidiController::~MidiController()
 .text._ZN14MidiController10SendNoteOnEhh
                0x08000b74       0xb4 build/MidiController.o
                0x08000b74                MidiController::SendNoteOn(unsigned char, unsigned char)
 .text._ZN14MidiController11SendNoteOffEh
                0x08000c28       0xb0 build/MidiController.o
                0x08000c28                MidiController::SendNoteOff(unsigned char)
 .text._ZN14MidiController19ProcessMessageQueueEv
                0x08000cd8       0xec build/MidiController.o
                0x08000cd8                MidiController::ProcessMessageQueue()
 .text._ZN14MidiController6UpdateEv
                0x08000dc4       0x20 build/MidiController.o
                0x08000dc4                MidiController::Update()
 .text._ZN14MidiController14InitializeUARTEv
                0x08000de4       0x90 build/MidiController.o
                0x08000de4                MidiController::InitializeUART()
 .text._ZN14MidiController4InitEPN5daisy9DaisySeedEP13ConfigManager
                0x08000e74       0x60 build/MidiController.o
                0x08000e74                MidiController::Init(daisy::DaisySeed*, ConfigManager*)
 .text._ZN16AudioSynthesizerC2Ev
                0x08000ed4      0x11c build/AudioSynthesizer.o
                0x08000ed4                AudioSynthesizer::AudioSynthesizer()
                0x08000ed4                AudioSynthesizer::AudioSynthesizer()
 .text._ZN16AudioSynthesizerD2Ev
                0x08000ff0        0x4 build/AudioSynthesizer.o
                0x08000ff0                AudioSynthesizer::~AudioSynthesizer()
                0x08000ff0                AudioSynthesizer::~AudioSynthesizer()
 .text._ZN16AudioSynthesizer4InitEfP13ConfigManager
                0x08000ff4        0x8 build/AudioSynthesizer.o
                0x08000ff4                AudioSynthesizer::Init(float, ConfigManager*)
 .text._ZN16AudioSynthesizer13ProcessStereoEPfS0_j
                0x08000ffc       0x28 build/AudioSynthesizer.o
                0x08000ffc                AudioSynthesizer::ProcessStereo(float*, float*, unsigned int)
 .text._ZN16AudioSynthesizer6NoteOnEhh
                0x08001024       0x68 build/AudioSynthesizer.o
                0x08001024                AudioSynthesizer::NoteOn(unsigned char, unsigned char)
 .text._ZN16AudioSynthesizer7NoteOffEh
                0x0800108c       0x34 build/AudioSynthesizer.o
                0x0800108c                AudioSynthesizer::NoteOff(unsigned char)
 .text._ZN13ConfigManagerC2Ev
                0x080010c0        0x8 build/ConfigManager.o
                0x080010c0                ConfigManager::ConfigManager()
                0x080010c0                ConfigManager::ConfigManager()
 .text._ZN13ConfigManagerD2Ev
                0x080010c8        0x4 build/ConfigManager.o
                0x080010c8                ConfigManager::~ConfigManager()
                0x080010c8                ConfigManager::~ConfigManager()
 .text._ZN13ConfigManager4InitEv
                0x080010cc       0x4c build/ConfigManager.o
                0x080010cc                ConfigManager::Init()
 .text._ZN13ConfigManager9GetConfigEv
                0x08001118        0x4 build/ConfigManager.o
                0x08001118                ConfigManager::GetConfig()
 .text._ZNK13ConfigManager11GetBaseNoteEv
                0x0800111c        0x4 build/ConfigManager.o
                0x0800111c                ConfigManager::GetBaseNote() const
 .text._ZNK13ConfigManager14GetMidiChannelEv
                0x08001120        0x4 build/ConfigManager.o
                0x08001120                ConfigManager::GetMidiChannel() const
 .text._ZNK13ConfigManager14IsAudioEnabledEv
                0x08001124        0x4 build/ConfigManager.o
                0x08001124                ConfigManager::IsAudioEnabled() const
 .text._ZNK13ConfigManager13IsMidiEnabledEv
                0x08001128        0x4 build/ConfigManager.o
                0x08001128                ConfigManager::IsMidiEnabled() const
 .text._ZN5daisy9DaisySeed9ConfigureEv
                0x0800112c        0x4 ../DaisyExamples/libDaisy/build\libdaisy.a(daisy_seed.o)
                0x0800112c                daisy::DaisySeed::Configure()
 .text._ZN5daisy9DaisySeed10StartAudioEPFvPKPKfPPfjE
                0x08001130        0x8 ../DaisyExamples/libDaisy/build\libdaisy.a(daisy_seed.o)
                0x08001130                daisy::DaisySeed::StartAudio(void (*)(float const* const*, float**, unsigned int))
 .text._ZN5daisy9DaisySeed15AudioSampleRateEv
                0x08001138        0x8 ../DaisyExamples/libDaisy/build\libdaisy.a(daisy_seed.o)
                0x08001138                daisy::DaisySeed::AudioSampleRate()
 .text._ZN5daisy9DaisySeed17SetAudioBlockSizeEj
                0x08001140       0x38 ../DaisyExamples/libDaisy/build\libdaisy.a(daisy_seed.o)
                0x08001140                daisy::DaisySeed::SetAudioBlockSize(unsigned int)
 .text._ZN5daisy9DaisySeed6SetLedEb
                0x08001178        0x8 ../DaisyExamples/libDaisy/build\libdaisy.a(daisy_seed.o)
                0x08001178                daisy::DaisySeed::SetLed(bool)
 .text._ZN5daisy9DaisySeed17CheckBoardVersionEv
                0x08001180       0x6c ../DaisyExamples/libDaisy/build\libdaisy.a(daisy_seed.o)
                0x08001180                daisy::DaisySeed::CheckBoardVersion()
 .text._ZN5daisy9DaisySeed14ConfigureAudioEv
                0x080011ec      0x10c ../DaisyExamples/libDaisy/build\libdaisy.a(daisy_seed.o)
                0x080011ec                daisy::DaisySeed::ConfigureAudio()
 .text._ZN5daisy9DaisySeed4InitEb
                0x080012f8      0x108 ../DaisyExamples/libDaisy/build\libdaisy.a(daisy_seed.o)
                0x080012f8                daisy::DaisySeed::Init(bool)
 .text._ZN5daisy6Ak45564InitE12dsy_gpio_pin
                0x08001400       0x44 ../DaisyExamples/libDaisy/build\libdaisy.a(codec_ak4556.o)
                0x08001400                daisy::Ak4556::Init(dsy_gpio_pin)
 .text._ZN5daisy6Wm873120WriteControlRegisterEht
                0x08001444       0x3c ../DaisyExamples/libDaisy/build\libdaisy.a(codec_wm8731.o)
                0x08001444                daisy::Wm8731::WriteControlRegister(unsigned char, unsigned short)
 .text._ZN5daisy6Wm87314InitERKNS0_6ConfigENS_9I2CHandleE
                0x08001480      0x1bc ../DaisyExamples/libDaisy/build\libdaisy.a(codec_wm8731.o)
                0x08001480                daisy::Wm8731::Init(daisy::Wm8731::Config const&, daisy::I2CHandle)
 .text._ZN11SdramHandle10DeviceInitEv
                0x0800163c       0x98 ../DaisyExamples/libDaisy/build\libdaisy.a(sdram.o)
                0x0800163c                SdramHandle::DeviceInit()
 .text._ZN11SdramHandle4InitEv
                0x080016d4       0x7c ../DaisyExamples/libDaisy/build\libdaisy.a(sdram.o)
                0x080016d4                SdramHandle::Init()
 .text.HAL_SDRAM_MspInit
                0x08001750      0x1a8 ../DaisyExamples/libDaisy/build\libdaisy.a(sdram.o)
                0x08001750                HAL_SDRAM_MspInit
 .text._ZN5daisy11AudioHandle4Impl16InternalCallbackEPlS2_j
                0x080018f8      0xbbc ../DaisyExamples/libDaisy/build\libdaisy.a(audio.o)
                0x080018f8                daisy::AudioHandle::Impl::InternalCallback(long*, long*, unsigned int)
 .text._ZN5daisy11AudioHandle4InitERKNS0_6ConfigENS_9SaiHandleE
                0x080024b4       0x70 ../DaisyExamples/libDaisy/build\libdaisy.a(audio.o)
                0x080024b4                daisy::AudioHandle::Init(daisy::AudioHandle::Config const&, daisy::SaiHandle)
 .text._ZNK5daisy11AudioHandle9GetConfigEv
                0x08002524        0x8 ../DaisyExamples/libDaisy/build\libdaisy.a(audio.o)
                0x08002524                daisy::AudioHandle::GetConfig() const
 .text._ZN5daisy11AudioHandle12SetBlockSizeEj
                0x0800252c       0x1c ../DaisyExamples/libDaisy/build\libdaisy.a(audio.o)
                0x0800252c                daisy::AudioHandle::SetBlockSize(unsigned int)
 .text._ZN5daisy11AudioHandle13GetSampleRateEv
                0x08002548        0x8 ../DaisyExamples/libDaisy/build\libdaisy.a(audio.o)
                0x08002548                daisy::AudioHandle::GetSampleRate()
 .text._ZN5daisy11AudioHandle5StartEPFvPKPKfPPfjE
                0x08002550       0x44 ../DaisyExamples/libDaisy/build\libdaisy.a(audio.o)
                0x08002550                daisy::AudioHandle::Start(void (*)(float const* const*, float**, unsigned int))
 .text.startup._GLOBAL__sub_I__ZN5daisy11AudioHandle4Impl4InitENS0_6ConfigENS_9SaiHandleE
                0x08002594       0x24 ../DaisyExamples/libDaisy/build\libdaisy.a(audio.o)
 .text._ZN5daisy17MidiUartTransport6ConfigC2Ev
                0x080025b8       0x28 ../DaisyExamples/libDaisy/build\libdaisy.a(midi.o)
                0x080025b8                daisy::MidiUartTransport::Config::Config()
                0x080025b8                daisy::MidiUartTransport::Config::Config()
 .text._ZN5daisy10MidiParser5ResetEv
                0x080025e0        0xc ../DaisyExamples/libDaisy/build\libdaisy.a(midi_parser.o)
                0x080025e0                daisy::MidiParser::Reset()
 .text._ZN5daisy16MidiUsbTransport4ImplD2Ev
                0x080025ec        0x4 ../DaisyExamples/libDaisy/build\libdaisy.a(usb_midi.o)
                0x080025ec                daisy::MidiUsbTransport::Impl::~Impl()
                0x080025ec                daisy::MidiUsbTransport::Impl::~Impl()
 .text._ZN5daisy16MidiUsbTransport4Impl15MidiToUsbSingleEPhj.part.0
                0x080025f0      0x1b8 ../DaisyExamples/libDaisy/build\libdaisy.a(usb_midi.o)
 .text._ZN5daisy16MidiUsbTransport4Impl2TxEPhj
                0x080027a8       0xa8 ../DaisyExamples/libDaisy/build\libdaisy.a(usb_midi.o)
                0x080027a8                daisy::MidiUsbTransport::Impl::Tx(unsigned char*, unsigned int)
 .text._ZN5daisy16MidiUsbTransport4Impl5ParseEv
                0x08002850       0x68 ../DaisyExamples/libDaisy/build\libdaisy.a(usb_midi.o)
                0x08002850                daisy::MidiUsbTransport::Impl::Parse()
 .text._Z15ReceiveCallbackPhPm
                0x080028b8       0x9c ../DaisyExamples/libDaisy/build\libdaisy.a(usb_midi.o)
                0x080028b8                ReceiveCallback(unsigned char*, unsigned long*)
 .text._ZN5daisy16MidiUsbTransport4InitENS0_6ConfigE
                0x08002954       0x54 ../DaisyExamples/libDaisy/build\libdaisy.a(usb_midi.o)
                0x08002954                daisy::MidiUsbTransport::Init(daisy::MidiUsbTransport::Config)
 .text._ZN5daisy16MidiUsbTransport2TxEPhj
                0x080029a8        0x8 ../DaisyExamples/libDaisy/build\libdaisy.a(usb_midi.o)
                0x080029a8                daisy::MidiUsbTransport::Tx(unsigned char*, unsigned int)
 .text.startup._GLOBAL__sub_I__Z15ReceiveCallbackPhPm
                0x080029b0       0x60 ../DaisyExamples/libDaisy/build\libdaisy.a(usb_midi.o)
 .text._ZN5daisy4GPIO4InitENS_3PinENS0_4ModeENS0_4PullENS0_5SpeedE
                0x08002a10      0x1cc ../DaisyExamples/libDaisy/build\libdaisy.a(gpio.o)
                0x08002a10                daisy::GPIO::Init(daisy::Pin, daisy::GPIO::Mode, daisy::GPIO::Pull, daisy::GPIO::Speed)
 .text._ZN5daisy4GPIO4ReadEv
                0x08002bdc       0x18 ../DaisyExamples/libDaisy/build\libdaisy.a(gpio.o)
                0x08002bdc                daisy::GPIO::Read()
 .text._ZN5daisy4GPIO5WriteEb
                0x08002bf4       0x14 ../DaisyExamples/libDaisy/build\libdaisy.a(gpio.o)
                0x08002bf4                daisy::GPIO::Write(bool)
 .text.dsy_gpio_init
                0x08002c08      0x1b8 ../DaisyExamples/libDaisy/build\libdaisy.a(gpio.o)
                0x08002c08                dsy_gpio_init
 .text.dsy_gpio_write
                0x08002dc0       0x24 ../DaisyExamples/libDaisy/build\libdaisy.a(gpio.o)
                0x08002dc0                dsy_gpio_write
 .text._ZN5daisy9I2CHandle4Impl8InitPinsEv
                0x08002de4       0x58 ../DaisyExamples/libDaisy/build\libdaisy.a(i2c.o)
                0x08002de4                daisy::I2CHandle::Impl::InitPins()
 .text.HAL_I2C_MspInit
                0x08002e3c      0x1b4 ../DaisyExamples/libDaisy/build\libdaisy.a(i2c.o)
                0x08002e3c                HAL_I2C_MspInit
 .text.dsy_i2c_global_init
                0x08002ff0       0x78 ../DaisyExamples/libDaisy/build\libdaisy.a(i2c.o)
                0x08002ff0                dsy_i2c_global_init
 .text.DMA1_Stream6_IRQHandler
                0x08003068       0x34 ../DaisyExamples/libDaisy/build\libdaisy.a(i2c.o)
                0x08003068                DMA1_Stream6_IRQHandler
 .text.I2C1_EV_IRQHandler
                0x0800309c        0xc ../DaisyExamples/libDaisy/build\libdaisy.a(i2c.o)
                0x0800309c                I2C1_EV_IRQHandler
 .text.I2C2_EV_IRQHandler
                0x080030a8        0xc ../DaisyExamples/libDaisy/build\libdaisy.a(i2c.o)
                0x080030a8                I2C2_EV_IRQHandler
 .text.I2C3_EV_IRQHandler
                0x080030b4        0xc ../DaisyExamples/libDaisy/build\libdaisy.a(i2c.o)
                0x080030b4                I2C3_EV_IRQHandler
 .text._ZN5daisy9I2CHandle4InitERKNS0_6ConfigE
                0x080030c0      0x12c ../DaisyExamples/libDaisy/build\libdaisy.a(i2c.o)
                0x080030c0                daisy::I2CHandle::Init(daisy::I2CHandle::Config const&)
 .text._ZN5daisy9I2CHandle16TransmitBlockingEtPhtm
                0x080031ec       0x50 ../DaisyExamples/libDaisy/build\libdaisy.a(i2c.o)
                0x080031ec                daisy::I2CHandle::TransmitBlocking(unsigned short, unsigned char*, unsigned short, unsigned long)
 .text.startup._GLOBAL__sub_I__ZN5daisy9I2CHandle4Impl10GlobalInitEv
                0x0800323c       0x18 ../DaisyExamples/libDaisy/build\libdaisy.a(i2c.o)
 .text._ZN5daisy10QSPIHandle4Impl11WriteEnableEv
                0x08003254       0x8c ../DaisyExamples/libDaisy/build\libdaisy.a(qspi.o)
                0x08003254                daisy::QSPIHandle::Impl::WriteEnable()
 .text._ZN5daisy10QSPIHandle4Impl17DummyCyclesConfigENS0_6Config6DeviceE
                0x080032e0      0x118 ../DaisyExamples/libDaisy/build\libdaisy.a(qspi.o)
                0x080032e0                daisy::QSPIHandle::Impl::DummyCyclesConfig(daisy::QSPIHandle::Config::Device)
 .text._ZN5daisy10QSPIHandle4Impl10QuadEnableEv
                0x080033f8      0x158 ../DaisyExamples/libDaisy/build\libdaisy.a(qspi.o)
                0x080033f8                daisy::QSPIHandle::Impl::QuadEnable()
 .text._ZN5daisy10QSPIHandle4InitERKNS0_6ConfigE
                0x08003550      0x198 ../DaisyExamples/libDaisy/build\libdaisy.a(qspi.o)
                0x08003550                daisy::QSPIHandle::Init(daisy::QSPIHandle::Config const&)
 .text.HAL_QSPI_MspInit
                0x080036e8      0x11c ../DaisyExamples/libDaisy/build\libdaisy.a(qspi.o)
                0x080036e8                HAL_QSPI_MspInit
 .text.HAL_QSPI_MspDeInit
                0x08003804       0x54 ../DaisyExamples/libDaisy/build\libdaisy.a(qspi.o)
                0x08003804                HAL_QSPI_MspDeInit
 .text.QUADSPI_IRQHandler
                0x08003858        0xc ../DaisyExamples/libDaisy/build\libdaisy.a(qspi.o)
                0x08003858                QUADSPI_IRQHandler
 .text.startup._GLOBAL__sub_I__ZN5daisy10QSPIHandle4Impl4InitERKNS0_6ConfigE
                0x08003864       0x28 ../DaisyExamples/libDaisy/build\libdaisy.a(qspi.o)
 .text._ZN5daisy9SaiHandle4Impl7InitDmaENS1_15PeripheralBlockE
                0x0800388c       0xa0 ../DaisyExamples/libDaisy/build\libdaisy.a(sai.o)
                0x0800388c                daisy::SaiHandle::Impl::InitDma(daisy::SaiHandle::Impl::PeripheralBlock)
 .text._ZN5daisy9SaiHandle4Impl8InitPinsEv
                0x0800392c       0xa8 ../DaisyExamples/libDaisy/build\libdaisy.a(sai.o)
                0x0800392c                daisy::SaiHandle::Impl::InitPins()
 .text.HAL_SAI_MspInit
                0x080039d4      0x164 ../DaisyExamples/libDaisy/build\libdaisy.a(sai.o)
                0x080039d4                HAL_SAI_MspInit
 .text.DMA1_Stream0_IRQHandler
                0x08003b38        0xc ../DaisyExamples/libDaisy/build\libdaisy.a(sai.o)
                0x08003b38                DMA1_Stream0_IRQHandler
 .text.DMA1_Stream1_IRQHandler
                0x08003b44        0xc ../DaisyExamples/libDaisy/build\libdaisy.a(sai.o)
                0x08003b44                DMA1_Stream1_IRQHandler
 .text.DMA1_Stream3_IRQHandler
                0x08003b50        0xc ../DaisyExamples/libDaisy/build\libdaisy.a(sai.o)
                0x08003b50                DMA1_Stream3_IRQHandler
 .text.DMA1_Stream4_IRQHandler
                0x08003b5c        0xc ../DaisyExamples/libDaisy/build\libdaisy.a(sai.o)
                0x08003b5c                DMA1_Stream4_IRQHandler
 .text.HAL_SAI_RxHalfCpltCallback
                0x08003b68       0x78 ../DaisyExamples/libDaisy/build\libdaisy.a(sai.o)
                0x08003b68                HAL_SAI_RxHalfCpltCallback
 .text.HAL_SAI_RxCpltCallback
                0x08003be0       0x70 ../DaisyExamples/libDaisy/build\libdaisy.a(sai.o)
                0x08003be0                HAL_SAI_RxCpltCallback
 .text._ZN5daisy9SaiHandle4InitERKNS0_6ConfigE
                0x08003c50      0x1f0 ../DaisyExamples/libDaisy/build\libdaisy.a(sai.o)
                0x08003c50                daisy::SaiHandle::Init(daisy::SaiHandle::Config const&)
 .text._ZNK5daisy9SaiHandle9GetConfigEv
                0x08003e40        0x4 ../DaisyExamples/libDaisy/build\libdaisy.a(sai.o)
                0x08003e40                daisy::SaiHandle::GetConfig() const
 .text._ZN5daisy9SaiHandle8StartDmaEPlS1_jPFvS1_S1_jE
                0x08003e44       0xbc ../DaisyExamples/libDaisy/build\libdaisy.a(sai.o)
                0x08003e44                daisy::SaiHandle::StartDma(long*, long*, unsigned int, void (*)(long*, long*, unsigned int))
 .text._ZN5daisy9SaiHandle13GetSampleRateEv
                0x08003f00       0x24 ../DaisyExamples/libDaisy/build\libdaisy.a(sai.o)
                0x08003f00                daisy::SaiHandle::GetSampleRate()
 .text._ZNK5daisy9SaiHandle9GetOffsetEv
                0x08003f24        0x8 ../DaisyExamples/libDaisy/build\libdaisy.a(sai.o)
                0x08003f24                daisy::SaiHandle::GetOffset() const
 .text._ZL20UART_CheckRxListenerPN5daisy11UartHandler4ImplE
                0x08003f2c       0x84 ../DaisyExamples/libDaisy/build\libdaisy.a(uart.o)
 .text._ZN5daisy11UartHandler4Impl10StartDmaTxEPhjPFvPvEPFvS3_NS0_6ResultEES3_
                0x08003fb0      0x184 ../DaisyExamples/libDaisy/build\libdaisy.a(uart.o)
                0x08003fb0                daisy::UartHandler::Impl::StartDmaTx(unsigned char*, unsigned int, void (*)(void*), void (*)(void*, daisy::UartHandler::Result), void*)
 .text._ZN5daisy11UartHandler4Impl10StartDmaRxEPhjPFvPvEPFvS3_NS0_6ResultEES3_
                0x08004134      0x184 ../DaisyExamples/libDaisy/build\libdaisy.a(uart.o)
                0x08004134                daisy::UartHandler::Impl::StartDmaRx(unsigned char*, unsigned int, void (*)(void*), void (*)(void*, daisy::UartHandler::Result), void*)
 .text._ZN5daisy11UartHandler4Impl19DmaTransferFinishedEP20__UART_HandleTypeDefNS0_6ResultE
                0x080042b8       0xc0 ../DaisyExamples/libDaisy/build\libdaisy.a(uart.o)
                0x080042b8                daisy::UartHandler::Impl::DmaTransferFinished(__UART_HandleTypeDef*, daisy::UartHandler::Result)
 .text._ZN5daisy11UartHandler4Impl8InitPinsEv
                0x08004378      0x154 ../DaisyExamples/libDaisy/build\libdaisy.a(uart.o)
                0x08004378                daisy::UartHandler::Impl::InitPins()
 .text.HAL_UART_MspInit
                0x080044cc      0x210 ../DaisyExamples/libDaisy/build\libdaisy.a(uart.o)
                0x080044cc                HAL_UART_MspInit
 .text.dsy_uart_global_init
                0x080046dc      0x110 ../DaisyExamples/libDaisy/build\libdaisy.a(uart.o)
                0x080046dc                dsy_uart_global_init
 .text.USART1_IRQHandler
                0x080047ec       0x2c ../DaisyExamples/libDaisy/build\libdaisy.a(uart.o)
                0x080047ec                USART1_IRQHandler
 .text.USART2_IRQHandler
                0x08004818       0x34 ../DaisyExamples/libDaisy/build\libdaisy.a(uart.o)
                0x08004818                USART2_IRQHandler
 .text.USART3_IRQHandler
                0x0800484c       0x34 ../DaisyExamples/libDaisy/build\libdaisy.a(uart.o)
                0x0800484c                USART3_IRQHandler
 .text.UART4_IRQHandler
                0x08004880       0x34 ../DaisyExamples/libDaisy/build\libdaisy.a(uart.o)
                0x08004880                UART4_IRQHandler
 .text.UART5_IRQHandler
                0x080048b4       0x34 ../DaisyExamples/libDaisy/build\libdaisy.a(uart.o)
                0x080048b4                UART5_IRQHandler
 .text.USART6_IRQHandler
                0x080048e8       0x34 ../DaisyExamples/libDaisy/build\libdaisy.a(uart.o)
                0x080048e8                USART6_IRQHandler
 .text.UART7_IRQHandler
                0x0800491c       0x34 ../DaisyExamples/libDaisy/build\libdaisy.a(uart.o)
                0x0800491c                UART7_IRQHandler
 .text.UART8_IRQHandler
                0x08004950       0x34 ../DaisyExamples/libDaisy/build\libdaisy.a(uart.o)
                0x08004950                UART8_IRQHandler
 .text.LPUART1_IRQHandler
                0x08004984       0x34 ../DaisyExamples/libDaisy/build\libdaisy.a(uart.o)
                0x08004984                LPUART1_IRQHandler
 .text.DMA1_Stream5_IRQHandler
                0x080049b8       0x34 ../DaisyExamples/libDaisy/build\libdaisy.a(uart.o)
                0x080049b8                DMA1_Stream5_IRQHandler
 .text.DMA2_Stream4_IRQHandler
                0x080049ec       0x38 ../DaisyExamples/libDaisy/build\libdaisy.a(uart.o)
                0x080049ec                DMA2_Stream4_IRQHandler
 .text.HAL_UART_TxCpltCallback
                0x08004a24        0x8 ../DaisyExamples/libDaisy/build\libdaisy.a(uart.o)
                0x08004a24                HAL_UART_TxCpltCallback
 .text.HAL_UART_RxCpltCallback
                0x08004a2c       0x94 ../DaisyExamples/libDaisy/build\libdaisy.a(uart.o)
                0x08004a2c                HAL_UART_RxCpltCallback
 .text.HAL_UART_RxHalfCpltCallback
                0x08004ac0       0x90 ../DaisyExamples/libDaisy/build\libdaisy.a(uart.o)
                0x08004ac0                HAL_UART_RxHalfCpltCallback
 .text.HAL_UART_ErrorCallback
                0x08004b50        0x8 ../DaisyExamples/libDaisy/build\libdaisy.a(uart.o)
                0x08004b50                HAL_UART_ErrorCallback
 .text._ZN5daisy11UartHandler4InitERKNS0_6ConfigE
                0x08004b58       0xd4 ../DaisyExamples/libDaisy/build\libdaisy.a(uart.o)
                0x08004b58                daisy::UartHandler::Init(daisy::UartHandler::Config const&)
 .text._ZN5daisy11UartHandler6PollTxEPhj
                0x08004c2c       0x18 ../DaisyExamples/libDaisy/build\libdaisy.a(uart.o)
                0x08004c2c                daisy::UartHandler::PollTx(unsigned char*, unsigned int)
 .text.startup._GLOBAL__sub_I__Z19MapInstanceToHandleP13USART_TypeDef
                0x08004c44      0x194 ../DaisyExamples/libDaisy/build\libdaisy.a(uart.o)
 .text.dsy_dma_init
                0x08004dd8      0x100 ../DaisyExamples/libDaisy/build\libdaisy.a(dma.o)
                0x08004dd8                dsy_dma_init
 .text.dsy_dma_invalidate_cache_for_buffer
                0x08004ed8       0x2c ../DaisyExamples/libDaisy/build\libdaisy.a(dma.o)
                0x08004ed8                dsy_dma_invalidate_cache_for_buffer
 .text._ZN5daisy11TimerHandleD2Ev
                0x08004f04        0x4 ../DaisyExamples/libDaisy/build\libdaisy.a(system.o)
                0x08004f04                daisy::TimerHandle::~TimerHandle()
                0x08004f04                daisy::TimerHandle::~TimerHandle()
 .text.SysTick_Handler
                0x08004f08       0x10 ../DaisyExamples/libDaisy/build\libdaisy.a(system.o)
                0x08004f08                SysTick_Handler
 .text.OTG_HS_EP1_OUT_IRQHandler
                0x08004f18       0x24 ../DaisyExamples/libDaisy/build\libdaisy.a(system.o)
                0x08004f18                OTG_HS_EP1_OUT_IRQHandler
 .text.OTG_HS_EP1_IN_IRQHandler
                0x08004f3c       0x24 ../DaisyExamples/libDaisy/build\libdaisy.a(system.o)
                0x08004f3c                OTG_HS_EP1_IN_IRQHandler
 .text.OTG_HS_IRQHandler
                0x08004f60       0x24 ../DaisyExamples/libDaisy/build\libdaisy.a(system.o)
                0x08004f60                OTG_HS_IRQHandler
 .text.HardFault_Handler
                0x08004f84       0xe0 ../DaisyExamples/libDaisy/build\libdaisy.a(system.o)
                0x08004f84                HardFault_Handler
 .text._ZN5daisy6System6GetNowEv
                0x08005064        0x4 ../DaisyExamples/libDaisy/build\libdaisy.a(system.o)
                0x08005064                daisy::System::GetNow()
 .text._ZN5daisy6System5DelayEm
                0x08005068        0x4 ../DaisyExamples/libDaisy/build\libdaisy.a(system.o)
                0x08005068                daisy::System::Delay(unsigned long)
 .text._ZN5daisy6System7DelayUsEm
                0x0800506c        0xc ../DaisyExamples/libDaisy/build\libdaisy.a(system.o)
                0x0800506c                daisy::System::DelayUs(unsigned long)
 .text._ZN5daisy6System20GetBootloaderVersionEv
                0x08005078       0x34 ../DaisyExamples/libDaisy/build\libdaisy.a(system.o)
                0x08005078                daisy::System::GetBootloaderVersion()
 .text._ZN5daisy6System15ConfigureClocksEv
                0x080050ac      0x194 ../DaisyExamples/libDaisy/build\libdaisy.a(system.o)
                0x080050ac                daisy::System::ConfigureClocks()
 .text._ZN5daisy6System12ConfigureMpuEv
                0x08005240       0x7c ../DaisyExamples/libDaisy/build\libdaisy.a(system.o)
                0x08005240                daisy::System::ConfigureMpu()
 .text._ZN5daisy6System4InitERKNS0_6ConfigE
                0x080052bc       0xec ../DaisyExamples/libDaisy/build\libdaisy.a(system.o)
                0x080052bc                daisy::System::Init(daisy::System::Config const&)
 .text._ZN5daisy6System12GetPClk1FreqEv
                0x080053a8        0x4 ../DaisyExamples/libDaisy/build\libdaisy.a(system.o)
                0x080053a8                daisy::System::GetPClk1Freq()
 .text._ZN5daisy6System22GetProgramMemoryRegionEv
                0x080053ac       0x78 ../DaisyExamples/libDaisy/build\libdaisy.a(system.o)
                0x080053ac                daisy::System::GetProgramMemoryRegion()
 .text.startup._GLOBAL__sub_I__ZN5daisy9boot_infoE
                0x08005424       0x1c ../DaisyExamples/libDaisy/build\libdaisy.a(system.o)
 .text.SystemInit
                0x08005440       0x9c ../DaisyExamples/libDaisy/build\libdaisy.a(system_stm32h7xx.o)
                0x08005440                SystemInit
 .text.HAL_PCD_MspInit
                0x080054dc      0x144 ../DaisyExamples/libDaisy/build\libdaisy.a(usbd_conf.o)
                0x080054dc                HAL_PCD_MspInit
 .text.HAL_PCD_SetupStageCallback
                0x08005620        0xc ../DaisyExamples/libDaisy/build\libdaisy.a(usbd_conf.o)
                0x08005620                HAL_PCD_SetupStageCallback
 .text.HAL_PCD_DataOutStageCallback
                0x0800562c       0x14 ../DaisyExamples/libDaisy/build\libdaisy.a(usbd_conf.o)
                0x0800562c                HAL_PCD_DataOutStageCallback
 .text.HAL_PCD_DataInStageCallback
                0x08005640       0x14 ../DaisyExamples/libDaisy/build\libdaisy.a(usbd_conf.o)
                0x08005640                HAL_PCD_DataInStageCallback
 .text.HAL_PCD_SOFCallback
                0x08005654        0x8 ../DaisyExamples/libDaisy/build\libdaisy.a(usbd_conf.o)
                0x08005654                HAL_PCD_SOFCallback
 .text.HAL_PCD_ResetCallback
                0x0800565c       0x24 ../DaisyExamples/libDaisy/build\libdaisy.a(usbd_conf.o)
                0x0800565c                HAL_PCD_ResetCallback
 .text.HAL_PCD_SuspendCallback
                0x08005680       0x30 ../DaisyExamples/libDaisy/build\libdaisy.a(usbd_conf.o)
                0x08005680                HAL_PCD_SuspendCallback
 .text.HAL_PCD_ResumeCallback
                0x080056b0        0x8 ../DaisyExamples/libDaisy/build\libdaisy.a(usbd_conf.o)
                0x080056b0                HAL_PCD_ResumeCallback
 .text.HAL_PCD_ISOOUTIncompleteCallback
                0x080056b8        0x8 ../DaisyExamples/libDaisy/build\libdaisy.a(usbd_conf.o)
                0x080056b8                HAL_PCD_ISOOUTIncompleteCallback
 .text.HAL_PCD_ISOINIncompleteCallback
                0x080056c0        0x8 ../DaisyExamples/libDaisy/build\libdaisy.a(usbd_conf.o)
                0x080056c0                HAL_PCD_ISOINIncompleteCallback
 .text.HAL_PCD_ConnectCallback
                0x080056c8        0x8 ../DaisyExamples/libDaisy/build\libdaisy.a(usbd_conf.o)
                0x080056c8                HAL_PCD_ConnectCallback
 .text.HAL_PCD_DisconnectCallback
                0x080056d0        0x8 ../DaisyExamples/libDaisy/build\libdaisy.a(usbd_conf.o)
                0x080056d0                HAL_PCD_DisconnectCallback
 .text.USBD_LL_Init
                0x080056d8       0xe4 ../DaisyExamples/libDaisy/build\libdaisy.a(usbd_conf.o)
                0x080056d8                USBD_LL_Init
 .text.USBD_LL_Start
                0x080057bc       0x1c ../DaisyExamples/libDaisy/build\libdaisy.a(usbd_conf.o)
                0x080057bc                USBD_LL_Start
 .text.USBD_LL_OpenEP
                0x080057d8       0x24 ../DaisyExamples/libDaisy/build\libdaisy.a(usbd_conf.o)
                0x080057d8                USBD_LL_OpenEP
 .text.USBD_LL_CloseEP
                0x080057fc       0x1c ../DaisyExamples/libDaisy/build\libdaisy.a(usbd_conf.o)
                0x080057fc                USBD_LL_CloseEP
 .text.USBD_LL_StallEP
                0x08005818       0x1c ../DaisyExamples/libDaisy/build\libdaisy.a(usbd_conf.o)
                0x08005818                USBD_LL_StallEP
 .text.USBD_LL_ClearStallEP
                0x08005834       0x1c ../DaisyExamples/libDaisy/build\libdaisy.a(usbd_conf.o)
                0x08005834                USBD_LL_ClearStallEP
 .text.USBD_LL_IsStallEP
                0x08005850       0x28 ../DaisyExamples/libDaisy/build\libdaisy.a(usbd_conf.o)
                0x08005850                USBD_LL_IsStallEP
 .text.USBD_LL_SetUSBAddress
                0x08005878       0x1c ../DaisyExamples/libDaisy/build\libdaisy.a(usbd_conf.o)
                0x08005878                USBD_LL_SetUSBAddress
 .text.USBD_LL_Transmit
                0x08005894       0x1c ../DaisyExamples/libDaisy/build\libdaisy.a(usbd_conf.o)
                0x08005894                USBD_LL_Transmit
 .text.USBD_LL_PrepareReceive
                0x080058b0       0x1c ../DaisyExamples/libDaisy/build\libdaisy.a(usbd_conf.o)
                0x080058b0                USBD_LL_PrepareReceive
 .text.USBD_LL_GetRxDataSize
                0x080058cc        0x8 ../DaisyExamples/libDaisy/build\libdaisy.a(usbd_conf.o)
                0x080058cc                USBD_LL_GetRxDataSize
 .text.HAL_HCD_SOF_Callback
                0x080058d4        0x8 ../DaisyExamples/libDaisy/build\libdaisy.a(usbh_conf.o)
                0x080058d4                HAL_HCD_SOF_Callback
 .text.HAL_HCD_Connect_Callback
                0x080058dc        0x8 ../DaisyExamples/libDaisy/build\libdaisy.a(usbh_conf.o)
                0x080058dc                HAL_HCD_Connect_Callback
 .text.HAL_HCD_Disconnect_Callback
                0x080058e4        0x8 ../DaisyExamples/libDaisy/build\libdaisy.a(usbh_conf.o)
                0x080058e4                HAL_HCD_Disconnect_Callback
 .text.HAL_HCD_HC_NotifyURBChange_Callback
                0x080058ec        0x4 ../DaisyExamples/libDaisy/build\libdaisy.a(usbh_conf.o)
                0x080058ec                HAL_HCD_HC_NotifyURBChange_Callback
 .text.HAL_HCD_PortEnabled_Callback
                0x080058f0        0x8 ../DaisyExamples/libDaisy/build\libdaisy.a(usbh_conf.o)
                0x080058f0                HAL_HCD_PortEnabled_Callback
 .text.HAL_HCD_PortDisabled_Callback
                0x080058f8        0x8 ../DaisyExamples/libDaisy/build\libdaisy.a(usbh_conf.o)
                0x080058f8                HAL_HCD_PortDisabled_Callback
 .text.USBH_LL_Stop
                0x08005900       0x1c ../DaisyExamples/libDaisy/build\libdaisy.a(usbh_conf.o)
                0x08005900                USBH_LL_Stop
 .text.dsy_hal_map_get_port
                0x0800591c       0x10 ../DaisyExamples/libDaisy/build\libdaisy.a(hal_map.o)
                0x0800591c                dsy_hal_map_get_port
 .text.dsy_hal_map_get_pin
                0x0800592c       0x10 ../DaisyExamples/libDaisy/build\libdaisy.a(hal_map.o)
                0x0800592c                dsy_hal_map_get_pin
 .text.dsy_hal_map_gpio_clk_enable
                0x0800593c      0x150 ../DaisyExamples/libDaisy/build\libdaisy.a(hal_map.o)
                0x0800593c                dsy_hal_map_gpio_clk_enable
 .text.HAL_MspInit
                0x08005a8c        0x4 ../DaisyExamples/libDaisy/build\libdaisy.a(stm32h7xx_hal.o)
                0x08005a8c                HAL_MspInit
 .text.HAL_InitTick
                0x08005a90       0x4c ../DaisyExamples/libDaisy/build\libdaisy.a(stm32h7xx_hal.o)
                0x08005a90                HAL_InitTick
 .text.HAL_Init
                0x08005adc       0x60 ../DaisyExamples/libDaisy/build\libdaisy.a(stm32h7xx_hal.o)
                0x08005adc                HAL_Init
 .text.HAL_IncTick
                0x08005b3c       0x18 ../DaisyExamples/libDaisy/build\libdaisy.a(stm32h7xx_hal.o)
                0x08005b3c                HAL_IncTick
 .text.HAL_GetTick
                0x08005b54        0xc ../DaisyExamples/libDaisy/build\libdaisy.a(stm32h7xx_hal.o)
                0x08005b54                HAL_GetTick
 .text.HAL_Delay
                0x08005b60       0x24 ../DaisyExamples/libDaisy/build\libdaisy.a(stm32h7xx_hal.o)
                0x08005b60                HAL_Delay
 .text.HAL_GetREVID
                0x08005b84        0xc ../DaisyExamples/libDaisy/build\libdaisy.a(stm32h7xx_hal.o)
                0x08005b84                HAL_GetREVID
 .text.HAL_NVIC_SetPriorityGrouping
                0x08005b90       0x24 ../DaisyExamples/libDaisy/build\libdaisy.a(stm32h7xx_hal_cortex.o)
                0x08005b90                HAL_NVIC_SetPriorityGrouping
 .text.HAL_NVIC_SetPriority
                0x08005bb4       0x7c ../DaisyExamples/libDaisy/build\libdaisy.a(stm32h7xx_hal_cortex.o)
                0x08005bb4                HAL_NVIC_SetPriority
 .text.HAL_NVIC_EnableIRQ
                0x08005c30       0x1c ../DaisyExamples/libDaisy/build\libdaisy.a(stm32h7xx_hal_cortex.o)
                0x08005c30                HAL_NVIC_EnableIRQ
 .text.HAL_NVIC_DisableIRQ
                0x08005c4c       0x28 ../DaisyExamples/libDaisy/build\libdaisy.a(stm32h7xx_hal_cortex.o)
                0x08005c4c                HAL_NVIC_DisableIRQ
 .text.HAL_SYSTICK_Config
                0x08005c74       0x2c ../DaisyExamples/libDaisy/build\libdaisy.a(stm32h7xx_hal_cortex.o)
                0x08005c74                HAL_SYSTICK_Config
 .text.HAL_MPU_Disable
                0x08005ca0       0x1c ../DaisyExamples/libDaisy/build\libdaisy.a(stm32h7xx_hal_cortex.o)
                0x08005ca0                HAL_MPU_Disable
 .text.HAL_MPU_Enable
                0x08005cbc       0x20 ../DaisyExamples/libDaisy/build\libdaisy.a(stm32h7xx_hal_cortex.o)
                0x08005cbc                HAL_MPU_Enable
 .text.HAL_MPU_ConfigRegion
                0x08005cdc       0x64 ../DaisyExamples/libDaisy/build\libdaisy.a(stm32h7xx_hal_cortex.o)
                0x08005cdc                HAL_MPU_ConfigRegion
 .text.HAL_SYSTICK_Callback
                0x08005d40        0x4 ../DaisyExamples/libDaisy/build\libdaisy.a(stm32h7xx_hal_cortex.o)
                0x08005d40                HAL_SYSTICK_Callback
 .text.HAL_SYSTICK_IRQHandler
                0x08005d44        0x8 ../DaisyExamples/libDaisy/build\libdaisy.a(stm32h7xx_hal_cortex.o)
                0x08005d44                HAL_SYSTICK_IRQHandler
 .text.DMA_CalcBaseAndBitshift
                0x08005d4c       0xf4 ../DaisyExamples/libDaisy/build\libdaisy.a(stm32h7xx_hal_dma.o)
 .text.DMA_CalcDMAMUXChannelBaseAndMask
                0x08005e40       0xd8 ../DaisyExamples/libDaisy/build\libdaisy.a(stm32h7xx_hal_dma.o)
 .text.HAL_DMA_Init
                0x08005f18      0x37c ../DaisyExamples/libDaisy/build\libdaisy.a(stm32h7xx_hal_dma.o)
                0x08005f18                HAL_DMA_Init
 .text.HAL_DMA_Start_IT
                0x08006294      0x240 ../DaisyExamples/libDaisy/build\libdaisy.a(stm32h7xx_hal_dma.o)
                0x08006294                HAL_DMA_Start_IT
 .text.HAL_DMA_Abort_IT
                0x080064d4      0x134 ../DaisyExamples/libDaisy/build\libdaisy.a(stm32h7xx_hal_dma.o)
                0x080064d4                HAL_DMA_Abort_IT
 .text.HAL_DMA_IRQHandler
                0x08006608      0x6a0 ../DaisyExamples/libDaisy/build\libdaisy.a(stm32h7xx_hal_dma.o)
                0x08006608                HAL_DMA_IRQHandler
 .text.HAL_DMA_GetError
                0x08006ca8        0x4 ../DaisyExamples/libDaisy/build\libdaisy.a(stm32h7xx_hal_dma.o)
                0x08006ca8                HAL_DMA_GetError
 .text.HAL_GPIO_Init
                0x08006cac      0x280 ../DaisyExamples/libDaisy/build\libdaisy.a(stm32h7xx_hal_gpio.o)
                0x08006cac                HAL_GPIO_Init
 .text.HAL_GPIO_DeInit
                0x08006f2c      0x190 ../DaisyExamples/libDaisy/build\libdaisy.a(stm32h7xx_hal_gpio.o)
                0x08006f2c                HAL_GPIO_DeInit
 .text.HAL_GPIO_ReadPin
                0x080070bc        0xc ../DaisyExamples/libDaisy/build\libdaisy.a(stm32h7xx_hal_gpio.o)
                0x080070bc                HAL_GPIO_ReadPin
 .text.HAL_GPIO_WritePin
                0x080070c8        0x8 ../DaisyExamples/libDaisy/build\libdaisy.a(stm32h7xx_hal_gpio.o)
                0x080070c8                HAL_GPIO_WritePin
 .text.HAL_HCD_IRQHandler
                0x080070d0      0x780 ../DaisyExamples/libDaisy/build\libdaisy.a(stm32h7xx_hal_hcd.o)
                0x080070d0                HAL_HCD_IRQHandler
 .text.HAL_HCD_Stop
                0x08007850       0x28 ../DaisyExamples/libDaisy/build\libdaisy.a(stm32h7xx_hal_hcd.o)
                0x08007850                HAL_HCD_Stop
 .text.I2C_WaitOnTXISFlagUntilTimeout
                0x08007878       0xb8 ../DaisyExamples/libDaisy/build\libdaisy.a(stm32h7xx_hal_i2c.o)
 .text.I2C_WaitOnSTOPFlagUntilTimeout
                0x08007930       0xac ../DaisyExamples/libDaisy/build\libdaisy.a(stm32h7xx_hal_i2c.o)
 .text.HAL_I2C_Init
                0x080079dc       0xac ../DaisyExamples/libDaisy/build\libdaisy.a(stm32h7xx_hal_i2c.o)
                0x080079dc                HAL_I2C_Init
 .text.HAL_I2C_Master_Transmit
                0x08007a88      0x1a8 ../DaisyExamples/libDaisy/build\libdaisy.a(stm32h7xx_hal_i2c.o)
                0x08007a88                HAL_I2C_Master_Transmit
 .text.HAL_I2C_Slave_Transmit
                0x08007c30      0x1c8 ../DaisyExamples/libDaisy/build\libdaisy.a(stm32h7xx_hal_i2c.o)
                0x08007c30                HAL_I2C_Slave_Transmit
 .text.HAL_I2C_EV_IRQHandler
                0x08007df8       0x10 ../DaisyExamples/libDaisy/build\libdaisy.a(stm32h7xx_hal_i2c.o)
                0x08007df8                HAL_I2C_EV_IRQHandler
 .text.HAL_I2C_GetState
                0x08007e08        0x8 ../DaisyExamples/libDaisy/build\libdaisy.a(stm32h7xx_hal_i2c.o)
                0x08007e08                HAL_I2C_GetState
 .text.HAL_I2CEx_ConfigAnalogFilter
                0x08007e10       0x54 ../DaisyExamples/libDaisy/build\libdaisy.a(stm32h7xx_hal_i2c_ex.o)
                0x08007e10                HAL_I2CEx_ConfigAnalogFilter
 .text.HAL_I2CEx_ConfigDigitalFilter
                0x08007e64       0x58 ../DaisyExamples/libDaisy/build\libdaisy.a(stm32h7xx_hal_i2c_ex.o)
                0x08007e64                HAL_I2CEx_ConfigDigitalFilter
 .text.HAL_PCD_Init
                0x08007ebc      0x12c ../DaisyExamples/libDaisy/build\libdaisy.a(stm32h7xx_hal_pcd.o)
                0x08007ebc                HAL_PCD_Init
 .text.HAL_PCD_Start
                0x08007fe8       0x44 ../DaisyExamples/libDaisy/build\libdaisy.a(stm32h7xx_hal_pcd.o)
                0x08007fe8                HAL_PCD_Start
 .text.HAL_PCD_IRQHandler
                0x0800802c      0x69c ../DaisyExamples/libDaisy/build\libdaisy.a(stm32h7xx_hal_pcd.o)
                0x0800802c                HAL_PCD_IRQHandler
 .text.HAL_PCD_SetAddress
                0x080086c8       0x2c ../DaisyExamples/libDaisy/build\libdaisy.a(stm32h7xx_hal_pcd.o)
                0x080086c8                HAL_PCD_SetAddress
 .text.HAL_PCD_EP_Open
                0x080086f4       0x7c ../DaisyExamples/libDaisy/build\libdaisy.a(stm32h7xx_hal_pcd.o)
                0x080086f4                HAL_PCD_EP_Open
 .text.HAL_PCD_EP_Close
                0x08008770       0x6c ../DaisyExamples/libDaisy/build\libdaisy.a(stm32h7xx_hal_pcd.o)
                0x08008770                HAL_PCD_EP_Close
 .text.HAL_PCD_EP_Receive
                0x080087dc       0x50 ../DaisyExamples/libDaisy/build\libdaisy.a(stm32h7xx_hal_pcd.o)
                0x080087dc                HAL_PCD_EP_Receive
 .text.HAL_PCD_EP_GetRxCount
                0x0800882c       0x14 ../DaisyExamples/libDaisy/build\libdaisy.a(stm32h7xx_hal_pcd.o)
                0x0800882c                HAL_PCD_EP_GetRxCount
 .text.HAL_PCD_EP_Transmit
                0x08008840       0x50 ../DaisyExamples/libDaisy/build\libdaisy.a(stm32h7xx_hal_pcd.o)
                0x08008840                HAL_PCD_EP_Transmit
 .text.HAL_PCD_EP_SetStall
                0x08008890       0x88 ../DaisyExamples/libDaisy/build\libdaisy.a(stm32h7xx_hal_pcd.o)
                0x08008890                HAL_PCD_EP_SetStall
 .text.HAL_PCD_EP_ClrStall
                0x08008918       0x78 ../DaisyExamples/libDaisy/build\libdaisy.a(stm32h7xx_hal_pcd.o)
                0x08008918                HAL_PCD_EP_ClrStall
 .text.HAL_PCDEx_SetTxFiFo
                0x08008990       0x54 ../DaisyExamples/libDaisy/build\libdaisy.a(stm32h7xx_hal_pcd_ex.o)
                0x08008990                HAL_PCDEx_SetTxFiFo
 .text.HAL_PCDEx_SetRxFiFo
                0x080089e4        0xc ../DaisyExamples/libDaisy/build\libdaisy.a(stm32h7xx_hal_pcd_ex.o)
                0x080089e4                HAL_PCDEx_SetRxFiFo
 .text.HAL_PCDEx_ActivateLPM
                0x080089f0       0x30 ../DaisyExamples/libDaisy/build\libdaisy.a(stm32h7xx_hal_pcd_ex.o)
                0x080089f0                HAL_PCDEx_ActivateLPM
 .text.HAL_PCDEx_LPM_Callback
                0x08008a20        0x4 ../DaisyExamples/libDaisy/build\libdaisy.a(stm32h7xx_hal_pcd_ex.o)
                0x08008a20                HAL_PCDEx_LPM_Callback
 .text.HAL_PWREx_ConfigSupply
                0x08008a24       0x4c ../DaisyExamples/libDaisy/build\libdaisy.a(stm32h7xx_hal_pwr_ex.o)
                0x08008a24                HAL_PWREx_ConfigSupply
 .text.HAL_PWREx_EnableUSBVoltageDetector
                0x08008a70       0x10 ../DaisyExamples/libDaisy/build\libdaisy.a(stm32h7xx_hal_pwr_ex.o)
                0x08008a70                HAL_PWREx_EnableUSBVoltageDetector
 .text.QSPI_Config
                0x08008a80      0x174 ../DaisyExamples/libDaisy/build\libdaisy.a(stm32h7xx_hal_qspi.o)
 .text.HAL_QSPI_Init
                0x08008bf4       0xd8 ../DaisyExamples/libDaisy/build\libdaisy.a(stm32h7xx_hal_qspi.o)
                0x08008bf4                HAL_QSPI_Init
 .text.HAL_QSPI_DeInit
                0x08008ccc       0x3c ../DaisyExamples/libDaisy/build\libdaisy.a(stm32h7xx_hal_qspi.o)
                0x08008ccc                HAL_QSPI_DeInit
 .text.HAL_QSPI_Command
                0x08008d08       0xd4 ../DaisyExamples/libDaisy/build\libdaisy.a(stm32h7xx_hal_qspi.o)
                0x08008d08                HAL_QSPI_Command
 .text.HAL_QSPI_Transmit
                0x08008ddc       0xfc ../DaisyExamples/libDaisy/build\libdaisy.a(stm32h7xx_hal_qspi.o)
                0x08008ddc                HAL_QSPI_Transmit
 .text.HAL_QSPI_Receive
                0x08008ed8      0x108 ../DaisyExamples/libDaisy/build\libdaisy.a(stm32h7xx_hal_qspi.o)
                0x08008ed8                HAL_QSPI_Receive
 .text.HAL_QSPI_AutoPolling
                0x08008fe0       0xf0 ../DaisyExamples/libDaisy/build\libdaisy.a(stm32h7xx_hal_qspi.o)
                0x08008fe0                HAL_QSPI_AutoPolling
 .text.HAL_QSPI_MemoryMapped
                0x080090d0       0xc0 ../DaisyExamples/libDaisy/build\libdaisy.a(stm32h7xx_hal_qspi.o)
                0x080090d0                HAL_QSPI_MemoryMapped
 .text.HAL_QSPI_ErrorCallback
                0x08009190        0x4 ../DaisyExamples/libDaisy/build\libdaisy.a(stm32h7xx_hal_qspi.o)
                0x08009190                HAL_QSPI_ErrorCallback
 .text.QSPI_DMAAbortCplt
                0x08009194       0x38 ../DaisyExamples/libDaisy/build\libdaisy.a(stm32h7xx_hal_qspi.o)
 .text.HAL_QSPI_AbortCpltCallback
                0x080091cc        0x4 ../DaisyExamples/libDaisy/build\libdaisy.a(stm32h7xx_hal_qspi.o)
                0x080091cc                HAL_QSPI_AbortCpltCallback
 .text.HAL_QSPI_CmdCpltCallback
                0x080091d0        0x4 ../DaisyExamples/libDaisy/build\libdaisy.a(stm32h7xx_hal_qspi.o)
                0x080091d0                HAL_QSPI_CmdCpltCallback
 .text.HAL_QSPI_RxCpltCallback
                0x080091d4        0x4 ../DaisyExamples/libDaisy/build\libdaisy.a(stm32h7xx_hal_qspi.o)
                0x080091d4                HAL_QSPI_RxCpltCallback
 .text.HAL_QSPI_TxCpltCallback
                0x080091d8        0x4 ../DaisyExamples/libDaisy/build\libdaisy.a(stm32h7xx_hal_qspi.o)
                0x080091d8                HAL_QSPI_TxCpltCallback
 .text.HAL_QSPI_FifoThresholdCallback
                0x080091dc        0x4 ../DaisyExamples/libDaisy/build\libdaisy.a(stm32h7xx_hal_qspi.o)
                0x080091dc                HAL_QSPI_FifoThresholdCallback
 .text.HAL_QSPI_StatusMatchCallback
                0x080091e0        0x4 ../DaisyExamples/libDaisy/build\libdaisy.a(stm32h7xx_hal_qspi.o)
                0x080091e0                HAL_QSPI_StatusMatchCallback
 .text.HAL_QSPI_TimeOutCallback
                0x080091e4        0x4 ../DaisyExamples/libDaisy/build\libdaisy.a(stm32h7xx_hal_qspi.o)
                0x080091e4                HAL_QSPI_TimeOutCallback
 .text.HAL_QSPI_IRQHandler
                0x080091e8      0x210 ../DaisyExamples/libDaisy/build\libdaisy.a(stm32h7xx_hal_qspi.o)
                0x080091e8                HAL_QSPI_IRQHandler
 .text.HAL_RCC_OscConfig
                0x080093f8      0x51c ../DaisyExamples/libDaisy/build\libdaisy.a(stm32h7xx_hal_rcc.o)
                0x080093f8                HAL_RCC_OscConfig
 .text.HAL_RCC_GetSysClockFreq
                0x08009914      0x140 ../DaisyExamples/libDaisy/build\libdaisy.a(stm32h7xx_hal_rcc.o)
                0x08009914                HAL_RCC_GetSysClockFreq
 .text.HAL_RCC_ClockConfig
                0x08009a54      0x234 ../DaisyExamples/libDaisy/build\libdaisy.a(stm32h7xx_hal_rcc.o)
                0x08009a54                HAL_RCC_ClockConfig
 .text.HAL_RCC_GetHCLKFreq
                0x08009c88       0x2c ../DaisyExamples/libDaisy/build\libdaisy.a(stm32h7xx_hal_rcc.o)
                0x08009c88                HAL_RCC_GetHCLKFreq
 .text.HAL_RCC_GetPCLK1Freq
                0x08009cb4       0x38 ../DaisyExamples/libDaisy/build\libdaisy.a(stm32h7xx_hal_rcc.o)
                0x08009cb4                HAL_RCC_GetPCLK1Freq
 .text.HAL_RCC_GetPCLK2Freq
                0x08009cec       0x38 ../DaisyExamples/libDaisy/build\libdaisy.a(stm32h7xx_hal_rcc.o)
                0x08009cec                HAL_RCC_GetPCLK2Freq
 .text.RCCEx_PLL2_Config
                0x08009d24       0xf4 ../DaisyExamples/libDaisy/build\libdaisy.a(stm32h7xx_hal_rcc_ex.o)
 .text.RCCEx_PLL3_Config
                0x08009e18       0xf4 ../DaisyExamples/libDaisy/build\libdaisy.a(stm32h7xx_hal_rcc_ex.o)
 .text.HAL_RCCEx_PeriphCLKConfig
                0x08009f0c      0xa7c ../DaisyExamples/libDaisy/build\libdaisy.a(stm32h7xx_hal_rcc_ex.o)
                0x08009f0c                HAL_RCCEx_PeriphCLKConfig
 .text.HAL_RCCEx_GetD3PCLK1Freq
                0x0800a988       0x24 ../DaisyExamples/libDaisy/build\libdaisy.a(stm32h7xx_hal_rcc_ex.o)
                0x0800a988                HAL_RCCEx_GetD3PCLK1Freq
 .text.HAL_RCCEx_GetPLL2ClockFreq
                0x0800a9ac      0x17c ../DaisyExamples/libDaisy/build\libdaisy.a(stm32h7xx_hal_rcc_ex.o)
                0x0800a9ac                HAL_RCCEx_GetPLL2ClockFreq
 .text.HAL_RCCEx_GetPLL3ClockFreq
                0x0800ab28      0x17c ../DaisyExamples/libDaisy/build\libdaisy.a(stm32h7xx_hal_rcc_ex.o)
                0x0800ab28                HAL_RCCEx_GetPLL3ClockFreq
 .text.HAL_RCCEx_GetPLL1ClockFreq
                0x0800aca4      0x17c ../DaisyExamples/libDaisy/build\libdaisy.a(stm32h7xx_hal_rcc_ex.o)
                0x0800aca4                HAL_RCCEx_GetPLL1ClockFreq
 .text.HAL_RCCEx_GetPeriphCLKFreq
                0x0800ae20      0x198 ../DaisyExamples/libDaisy/build\libdaisy.a(stm32h7xx_hal_rcc_ex.o)
                0x0800ae20                HAL_RCCEx_GetPeriphCLKFreq
 .text.HAL_RCCEx_GetD1SysClockFreq
                0x0800afb8       0x2c ../DaisyExamples/libDaisy/build\libdaisy.a(stm32h7xx_hal_rcc_ex.o)
                0x0800afb8                HAL_RCCEx_GetD1SysClockFreq
 .text.HAL_SAI_Init.part.0
                0x0800afe4      0x348 ../DaisyExamples/libDaisy/build\libdaisy.a(stm32h7xx_hal_sai.o)
 .text.HAL_SAI_InitProtocol
                0x0800b32c      0x178 ../DaisyExamples/libDaisy/build\libdaisy.a(stm32h7xx_hal_sai.o)
                0x0800b32c                HAL_SAI_InitProtocol
 .text.HAL_SAI_Transmit_DMA
                0x0800b4a4      0x124 ../DaisyExamples/libDaisy/build\libdaisy.a(stm32h7xx_hal_sai.o)
                0x0800b4a4                HAL_SAI_Transmit_DMA
 .text.HAL_SAI_Receive_DMA
                0x0800b5c8       0xd0 ../DaisyExamples/libDaisy/build\libdaisy.a(stm32h7xx_hal_sai.o)
                0x0800b5c8                HAL_SAI_Receive_DMA
 .text.HAL_SAI_TxCpltCallback
                0x0800b698        0x4 ../DaisyExamples/libDaisy/build\libdaisy.a(stm32h7xx_hal_sai.o)
                0x0800b698                HAL_SAI_TxCpltCallback
 .text.SAI_DMATxCplt
                0x0800b69c       0x64 ../DaisyExamples/libDaisy/build\libdaisy.a(stm32h7xx_hal_sai.o)
 .text.HAL_SAI_TxHalfCpltCallback
                0x0800b700        0x4 ../DaisyExamples/libDaisy/build\libdaisy.a(stm32h7xx_hal_sai.o)
                0x0800b700                HAL_SAI_TxHalfCpltCallback
 .text.SAI_DMATxHalfCplt
                0x0800b704        0xc ../DaisyExamples/libDaisy/build\libdaisy.a(stm32h7xx_hal_sai.o)
 .text.SAI_DMARxCplt
                0x0800b710       0x64 ../DaisyExamples/libDaisy/build\libdaisy.a(stm32h7xx_hal_sai.o)
 .text.SAI_DMARxHalfCplt
                0x0800b774        0xc ../DaisyExamples/libDaisy/build\libdaisy.a(stm32h7xx_hal_sai.o)
 .text.HAL_SAI_ErrorCallback
                0x0800b780        0x4 ../DaisyExamples/libDaisy/build\libdaisy.a(stm32h7xx_hal_sai.o)
                0x0800b780                HAL_SAI_ErrorCallback
 .text.SAI_DMAError
                0x0800b784       0x6c ../DaisyExamples/libDaisy/build\libdaisy.a(stm32h7xx_hal_sai.o)
 .text.HAL_SDRAM_Init
                0x0800b7f0       0x54 ../DaisyExamples/libDaisy/build\libdaisy.a(stm32h7xx_hal_sdram.o)
                0x0800b7f0                HAL_SDRAM_Init
 .text.HAL_SDRAM_SendCommand
                0x0800b844       0x40 ../DaisyExamples/libDaisy/build\libdaisy.a(stm32h7xx_hal_sdram.o)
                0x0800b844                HAL_SDRAM_SendCommand
 .text.HAL_SDRAM_ProgramRefreshRate
                0x0800b884       0x30 ../DaisyExamples/libDaisy/build\libdaisy.a(stm32h7xx_hal_sdram.o)
                0x0800b884                HAL_SDRAM_ProgramRefreshRate
 .text.HAL_UART_Transmit
                0x0800b8b4      0x120 ../DaisyExamples/libDaisy/build\libdaisy.a(stm32h7xx_hal_uart.o)
                0x0800b8b4                HAL_UART_Transmit
 .text.HAL_UART_Transmit_DMA
                0x0800b9d4       0xa4 ../DaisyExamples/libDaisy/build\libdaisy.a(stm32h7xx_hal_uart.o)
                0x0800b9d4                HAL_UART_Transmit_DMA
 .text.HAL_UART_Receive_DMA
                0x0800ba78       0xac ../DaisyExamples/libDaisy/build\libdaisy.a(stm32h7xx_hal_uart.o)
                0x0800ba78                HAL_UART_Receive_DMA
 .text.UART_DMATransmitCplt
                0x0800bb24       0x2c ../DaisyExamples/libDaisy/build\libdaisy.a(stm32h7xx_hal_uart.o)
 .text.HAL_UART_TxHalfCpltCallback
                0x0800bb50        0x4 ../DaisyExamples/libDaisy/build\libdaisy.a(stm32h7xx_hal_uart.o)
                0x0800bb50                HAL_UART_TxHalfCpltCallback
 .text.UART_DMATxHalfCplt
                0x0800bb54        0xc ../DaisyExamples/libDaisy/build\libdaisy.a(stm32h7xx_hal_uart.o)
 .text.UART_DMAReceiveCplt
                0x0800bb60       0x38 ../DaisyExamples/libDaisy/build\libdaisy.a(stm32h7xx_hal_uart.o)
 .text.UART_DMARxHalfCplt
                0x0800bb98        0xc ../DaisyExamples/libDaisy/build\libdaisy.a(stm32h7xx_hal_uart.o)
 .text.UART_DMAError
                0x0800bba4       0x78 ../DaisyExamples/libDaisy/build\libdaisy.a(stm32h7xx_hal_uart.o)
 .text.HAL_UART_IRQHandler
                0x0800bc1c      0x1d0 ../DaisyExamples/libDaisy/build\libdaisy.a(stm32h7xx_hal_uart.o)
                0x0800bc1c                HAL_UART_IRQHandler
 .text.UART_DMAAbortOnError
                0x0800bdec       0x14 ../DaisyExamples/libDaisy/build\libdaisy.a(stm32h7xx_hal_uart.o)
 .text.HAL_UART_GetState
                0x0800be00        0xc ../DaisyExamples/libDaisy/build\libdaisy.a(stm32h7xx_hal_uart.o)
                0x0800be00                HAL_UART_GetState
 .text.UART_SetConfig
                0x0800be0c     0x14b8 ../DaisyExamples/libDaisy/build\libdaisy.a(stm32h7xx_hal_uart.o)
                0x0800be0c                UART_SetConfig
 .text.UART_AdvFeatureConfig
                0x0800d2c4       0xb0 ../DaisyExamples/libDaisy/build\libdaisy.a(stm32h7xx_hal_uart.o)
                0x0800d2c4                UART_AdvFeatureConfig
 .text.UART_CheckIdleState
                0x0800d374       0x84 ../DaisyExamples/libDaisy/build\libdaisy.a(stm32h7xx_hal_uart.o)
                0x0800d374                UART_CheckIdleState
 .text.HAL_UART_Init
                0x0800d3f8       0x68 ../DaisyExamples/libDaisy/build\libdaisy.a(stm32h7xx_hal_uart.o)
                0x0800d3f8                HAL_UART_Init
 .text.HAL_UARTEx_WakeupCallback
                0x0800d460        0x4 ../DaisyExamples/libDaisy/build\libdaisy.a(stm32h7xx_hal_uart_ex.o)
                0x0800d460                HAL_UARTEx_WakeupCallback
 .text.HAL_UARTEx_RxFifoFullCallback
                0x0800d464        0x4 ../DaisyExamples/libDaisy/build\libdaisy.a(stm32h7xx_hal_uart_ex.o)
                0x0800d464                HAL_UARTEx_RxFifoFullCallback
 .text.HAL_UARTEx_TxFifoEmptyCallback
                0x0800d468        0x4 ../DaisyExamples/libDaisy/build\libdaisy.a(stm32h7xx_hal_uart_ex.o)
                0x0800d468                HAL_UARTEx_TxFifoEmptyCallback
 .text.HAL_UARTEx_DisableFifoMode
                0x0800d46c       0x3c ../DaisyExamples/libDaisy/build\libdaisy.a(stm32h7xx_hal_uart_ex.o)
                0x0800d46c                HAL_UARTEx_DisableFifoMode
 .text.HAL_UARTEx_SetTxFifoThreshold
                0x0800d4a8       0x9c ../DaisyExamples/libDaisy/build\libdaisy.a(stm32h7xx_hal_uart_ex.o)
                0x0800d4a8                HAL_UARTEx_SetTxFifoThreshold
 .text.HAL_UARTEx_SetRxFifoThreshold
                0x0800d544       0x9c ../DaisyExamples/libDaisy/build\libdaisy.a(stm32h7xx_hal_uart_ex.o)
                0x0800d544                HAL_UARTEx_SetRxFifoThreshold
 .text.FMC_SDRAM_Init
                0x0800d5e0       0x7c ../DaisyExamples/libDaisy/build\libdaisy.a(stm32h7xx_ll_fmc.o)
                0x0800d5e0                FMC_SDRAM_Init
 .text.FMC_SDRAM_Timing_Init
                0x0800d65c       0x98 ../DaisyExamples/libDaisy/build\libdaisy.a(stm32h7xx_ll_fmc.o)
                0x0800d65c                FMC_SDRAM_Timing_Init
 .text.FMC_SDRAM_SendCommand
                0x0800d6f4       0x28 ../DaisyExamples/libDaisy/build\libdaisy.a(stm32h7xx_ll_fmc.o)
                0x0800d6f4                FMC_SDRAM_SendCommand
 .text.FMC_SDRAM_ProgramRefreshRate
                0x0800d71c       0x1c ../DaisyExamples/libDaisy/build\libdaisy.a(stm32h7xx_ll_fmc.o)
                0x0800d71c                FMC_SDRAM_ProgramRefreshRate
 .text.USB_CoreInit
                0x0800d738      0x124 ../DaisyExamples/libDaisy/build\libdaisy.a(stm32h7xx_ll_usb.o)
                0x0800d738                USB_CoreInit
 .text.USB_SetTurnaroundTime
                0x0800d85c      0x104 ../DaisyExamples/libDaisy/build\libdaisy.a(stm32h7xx_ll_usb.o)
                0x0800d85c                USB_SetTurnaroundTime
 .text.USB_EnableGlobalInt
                0x0800d960       0x10 ../DaisyExamples/libDaisy/build\libdaisy.a(stm32h7xx_ll_usb.o)
                0x0800d960                USB_EnableGlobalInt
 .text.USB_DisableGlobalInt
                0x0800d970       0x10 ../DaisyExamples/libDaisy/build\libdaisy.a(stm32h7xx_ll_usb.o)
                0x0800d970                USB_DisableGlobalInt
 .text.USB_SetCurrentMode
                0x0800d980       0x30 ../DaisyExamples/libDaisy/build\libdaisy.a(stm32h7xx_ll_usb.o)
                0x0800d980                USB_SetCurrentMode
 .text.USB_DevInit
                0x0800d9b0      0x20c ../DaisyExamples/libDaisy/build\libdaisy.a(stm32h7xx_ll_usb.o)
                0x0800d9b0                USB_DevInit
 .text.USB_FlushTxFifo
                0x0800dbbc       0x34 ../DaisyExamples/libDaisy/build\libdaisy.a(stm32h7xx_ll_usb.o)
                0x0800dbbc                USB_FlushTxFifo
 .text.USB_GetDevSpeed
                0x0800dbf0       0x24 ../DaisyExamples/libDaisy/build\libdaisy.a(stm32h7xx_ll_usb.o)
                0x0800dbf0                USB_GetDevSpeed
 .text.USB_ActivateEndpoint
                0x0800dc14       0x90 ../DaisyExamples/libDaisy/build\libdaisy.a(stm32h7xx_ll_usb.o)
                0x0800dc14                USB_ActivateEndpoint
 .text.USB_DeactivateEndpoint
                0x0800dca4       0x84 ../DaisyExamples/libDaisy/build\libdaisy.a(stm32h7xx_ll_usb.o)
                0x0800dca4                USB_DeactivateEndpoint
 .text.USB_EPStartXfer
                0x0800dd28      0x230 ../DaisyExamples/libDaisy/build\libdaisy.a(stm32h7xx_ll_usb.o)
                0x0800dd28                USB_EPStartXfer
 .text.USB_EP0StartXfer
                0x0800df58      0x174 ../DaisyExamples/libDaisy/build\libdaisy.a(stm32h7xx_ll_usb.o)
                0x0800df58                USB_EP0StartXfer
 .text.USB_WritePacket
                0x0800e0cc       0x2c ../DaisyExamples/libDaisy/build\libdaisy.a(stm32h7xx_ll_usb.o)
                0x0800e0cc                USB_WritePacket
 .text.USB_ReadPacket
                0x0800e0f8       0x20 ../DaisyExamples/libDaisy/build\libdaisy.a(stm32h7xx_ll_usb.o)
                0x0800e0f8                USB_ReadPacket
 .text.USB_EPSetStall
                0x0800e118       0x68 ../DaisyExamples/libDaisy/build\libdaisy.a(stm32h7xx_ll_usb.o)
                0x0800e118                USB_EPSetStall
 .text.USB_EPClearStall
                0x0800e180       0x58 ../DaisyExamples/libDaisy/build\libdaisy.a(stm32h7xx_ll_usb.o)
                0x0800e180                USB_EPClearStall
 .text.USB_SetDevAddress
                0x0800e1d8       0x24 ../DaisyExamples/libDaisy/build\libdaisy.a(stm32h7xx_ll_usb.o)
                0x0800e1d8                USB_SetDevAddress
 .text.USB_DevConnect
                0x0800e1fc       0x1c ../DaisyExamples/libDaisy/build\libdaisy.a(stm32h7xx_ll_usb.o)
                0x0800e1fc                USB_DevConnect
 .text.USB_DevDisconnect
                0x0800e218       0x1c ../DaisyExamples/libDaisy/build\libdaisy.a(stm32h7xx_ll_usb.o)
                0x0800e218                USB_DevDisconnect
 .text.USB_ReadInterrupts
                0x0800e234       0x14 ../DaisyExamples/libDaisy/build\libdaisy.a(stm32h7xx_ll_usb.o)
                0x0800e234                USB_ReadInterrupts
 .text.USB_ReadDevAllOutEpInterrupt
                0x0800e248       0x1c ../DaisyExamples/libDaisy/build\libdaisy.a(stm32h7xx_ll_usb.o)
                0x0800e248                USB_ReadDevAllOutEpInterrupt
 .text.USB_ReadDevAllInEpInterrupt
                0x0800e264       0x1c ../DaisyExamples/libDaisy/build\libdaisy.a(stm32h7xx_ll_usb.o)
                0x0800e264                USB_ReadDevAllInEpInterrupt
 .text.USB_ReadDevOutEPInterrupt
                0x0800e280       0x1c ../DaisyExamples/libDaisy/build\libdaisy.a(stm32h7xx_ll_usb.o)
                0x0800e280                USB_ReadDevOutEPInterrupt
 .text.USB_ReadDevInEPInterrupt
                0x0800e29c       0x38 ../DaisyExamples/libDaisy/build\libdaisy.a(stm32h7xx_ll_usb.o)
                0x0800e29c                USB_ReadDevInEPInterrupt
 .text.USB_GetMode
                0x0800e2d4        0x8 ../DaisyExamples/libDaisy/build\libdaisy.a(stm32h7xx_ll_usb.o)
                0x0800e2d4                USB_GetMode
 .text.USB_ActivateSetup
                0x0800e2dc       0x38 ../DaisyExamples/libDaisy/build\libdaisy.a(stm32h7xx_ll_usb.o)
                0x0800e2dc                USB_ActivateSetup
 .text.USB_EP0_OutStart
                0x0800e314       0x58 ../DaisyExamples/libDaisy/build\libdaisy.a(stm32h7xx_ll_usb.o)
                0x0800e314                USB_EP0_OutStart
 .text.USB_InitFSLSPClkSel
                0x0800e36c       0x44 ../DaisyExamples/libDaisy/build\libdaisy.a(stm32h7xx_ll_usb.o)
                0x0800e36c                USB_InitFSLSPClkSel
 .text.USB_HC_ReadInterrupt
                0x0800e3b0        0x8 ../DaisyExamples/libDaisy/build\libdaisy.a(stm32h7xx_ll_usb.o)
                0x0800e3b0                USB_HC_ReadInterrupt
 .text.USB_HC_Halt
                0x0800e3b8       0xc0 ../DaisyExamples/libDaisy/build\libdaisy.a(stm32h7xx_ll_usb.o)
                0x0800e3b8                USB_HC_Halt
 .text.USB_StopHost
                0x0800e478      0x2ec ../DaisyExamples/libDaisy/build\libdaisy.a(stm32h7xx_ll_usb.o)
                0x0800e478                USB_StopHost
 .text.USBD_Init
                0x0800e764       0x44 ../DaisyExamples/libDaisy/build\libdaisy.a(usbd_core.o)
                0x0800e764                USBD_Init
 .text.USBD_RegisterClass
                0x0800e7a8       0x2c ../DaisyExamples/libDaisy/build\libdaisy.a(usbd_core.o)
                0x0800e7a8                USBD_RegisterClass
 .text.USBD_Start
                0x0800e7d4        0xc ../DaisyExamples/libDaisy/build\libdaisy.a(usbd_core.o)
                0x0800e7d4                USBD_Start
 .text.USBD_SetClassConfig
                0x0800e7e0       0x14 ../DaisyExamples/libDaisy/build\libdaisy.a(usbd_core.o)
                0x0800e7e0                USBD_SetClassConfig
 .text.USBD_ClrClassConfig
                0x0800e7f4       0x10 ../DaisyExamples/libDaisy/build\libdaisy.a(usbd_core.o)
                0x0800e7f4                USBD_ClrClassConfig
 .text.USBD_LL_SetupStage
                0x0800e804       0x5c ../DaisyExamples/libDaisy/build\libdaisy.a(usbd_core.o)
                0x0800e804                USBD_LL_SetupStage
 .text.USBD_LL_DataOutStage
                0x0800e860       0x7c ../DaisyExamples/libDaisy/build\libdaisy.a(usbd_core.o)
                0x0800e860                USBD_LL_DataOutStage
 .text.USBD_LL_DataInStage
                0x0800e8dc       0xcc ../DaisyExamples/libDaisy/build\libdaisy.a(usbd_core.o)
                0x0800e8dc                USBD_LL_DataInStage
 .text.USBD_LL_Reset
                0x0800e9a8       0x50 ../DaisyExamples/libDaisy/build\libdaisy.a(usbd_core.o)
                0x0800e9a8                USBD_LL_Reset
 .text.USBD_LL_SetSpeed
                0x0800e9f8        0x8 ../DaisyExamples/libDaisy/build\libdaisy.a(usbd_core.o)
                0x0800e9f8                USBD_LL_SetSpeed
 .text.USBD_LL_Suspend
                0x0800ea00       0x14 ../DaisyExamples/libDaisy/build\libdaisy.a(usbd_core.o)
                0x0800ea00                USBD_LL_Suspend
 .text.USBD_LL_Resume
                0x0800ea14       0x10 ../DaisyExamples/libDaisy/build\libdaisy.a(usbd_core.o)
                0x0800ea14                USBD_LL_Resume
 .text.USBD_LL_SOF
                0x0800ea24       0x1c ../DaisyExamples/libDaisy/build\libdaisy.a(usbd_core.o)
                0x0800ea24                USBD_LL_SOF
 .text.USBD_LL_IsoINIncomplete
                0x0800ea40        0x4 ../DaisyExamples/libDaisy/build\libdaisy.a(usbd_core.o)
                0x0800ea40                USBD_LL_IsoINIncomplete
 .text.USBD_LL_IsoOUTIncomplete
                0x0800ea44        0x4 ../DaisyExamples/libDaisy/build\libdaisy.a(usbd_core.o)
                0x0800ea44                USBD_LL_IsoOUTIncomplete
 .text.USBD_LL_DevConnected
                0x0800ea48        0x4 ../DaisyExamples/libDaisy/build\libdaisy.a(usbd_core.o)
                0x0800ea48                USBD_LL_DevConnected
 .text.USBD_LL_DevDisconnected
                0x0800ea4c       0x18 ../DaisyExamples/libDaisy/build\libdaisy.a(usbd_core.o)
                0x0800ea4c                USBD_LL_DevDisconnected
 .text.USBD_StdDevReq
                0x0800ea64      0x304 ../DaisyExamples/libDaisy/build\libdaisy.a(usbd_ctlreq.o)
                0x0800ea64                USBD_StdDevReq
 .text.USBD_StdItfReq
                0x0800ed68       0x68 ../DaisyExamples/libDaisy/build\libdaisy.a(usbd_ctlreq.o)
                0x0800ed68                USBD_StdItfReq
 .text.USBD_StdEPReq
                0x0800edd0      0x13c ../DaisyExamples/libDaisy/build\libdaisy.a(usbd_ctlreq.o)
                0x0800edd0                USBD_StdEPReq
 .text.USBD_ParseSetupRequest
                0x0800ef0c       0x28 ../DaisyExamples/libDaisy/build\libdaisy.a(usbd_ctlreq.o)
                0x0800ef0c                USBD_ParseSetupRequest
 .text.USBD_CtlError
                0x0800ef34       0x18 ../DaisyExamples/libDaisy/build\libdaisy.a(usbd_ctlreq.o)
                0x0800ef34                USBD_CtlError
 .text.USBD_GetString
                0x0800ef4c       0x54 ../DaisyExamples/libDaisy/build\libdaisy.a(usbd_ctlreq.o)
                0x0800ef4c                USBD_GetString
 .text.USBD_CtlSendData
                0x0800efa0       0x1c ../DaisyExamples/libDaisy/build\libdaisy.a(usbd_ioreq.o)
                0x0800efa0                USBD_CtlSendData
 .text.USBD_CtlContinueSendData
                0x0800efbc       0x14 ../DaisyExamples/libDaisy/build\libdaisy.a(usbd_ioreq.o)
                0x0800efbc                USBD_CtlContinueSendData
 .text.USBD_CtlPrepareRx
                0x0800efd0       0x1c ../DaisyExamples/libDaisy/build\libdaisy.a(usbd_ioreq.o)
                0x0800efd0                USBD_CtlPrepareRx
 .text.USBD_CtlContinueRx
                0x0800efec       0x14 ../DaisyExamples/libDaisy/build\libdaisy.a(usbd_ioreq.o)
                0x0800efec                USBD_CtlContinueRx
 .text.USBD_CtlSendStatus
                0x0800f000       0x18 ../DaisyExamples/libDaisy/build\libdaisy.a(usbd_ioreq.o)
                0x0800f000                USBD_CtlSendStatus
 .text.USBD_CtlReceiveStatus
                0x0800f018       0x18 ../DaisyExamples/libDaisy/build\libdaisy.a(usbd_ioreq.o)
                0x0800f018                USBD_CtlReceiveStatus
 .text.USBH_LL_IncTimer
                0x0800f030       0x20 ../DaisyExamples/libDaisy/build\libdaisy.a(usbh_core.o)
                0x0800f030                USBH_LL_IncTimer
 .text.USBH_LL_PortEnabled
                0x0800f050        0x8 ../DaisyExamples/libDaisy/build\libdaisy.a(usbh_core.o)
                0x0800f050                USBH_LL_PortEnabled
 .text.USBH_LL_PortDisabled
                0x0800f058        0x8 ../DaisyExamples/libDaisy/build\libdaisy.a(usbh_core.o)
                0x0800f058                USBH_LL_PortDisabled
 .text.USBH_LL_Connect
                0x0800f060       0x18 ../DaisyExamples/libDaisy/build\libdaisy.a(usbh_core.o)
                0x0800f060                USBH_LL_Connect
 .text.USBH_LL_Disconnect
                0x0800f078       0x2c ../DaisyExamples/libDaisy/build\libdaisy.a(usbh_core.o)
                0x0800f078                USBH_LL_Disconnect
 .text.USBH_FreePipe
                0x0800f0a4       0x18 ../DaisyExamples/libDaisy/build\libdaisy.a(usbh_pipes.o)
                0x0800f0a4                USBH_FreePipe
 .text.DummyRxCallback
                0x0800f0bc        0x4 ../DaisyExamples/libDaisy/build\libdaisy.a(usb.o)
                0x0800f0bc                DummyRxCallback
 .text._ZN5daisy9UsbHandle4InitENS0_9UsbPeriphE
                0x0800f0c0      0x10c ../DaisyExamples/libDaisy/build\libdaisy.a(usb.o)
                0x0800f0c0                daisy::UsbHandle::Init(daisy::UsbHandle::UsbPeriph)
 .text._ZN5daisy9UsbHandle16TransmitInternalEPhj
                0x0800f1cc       0x14 ../DaisyExamples/libDaisy/build\libdaisy.a(usb.o)
                0x0800f1cc                daisy::UsbHandle::TransmitInternal(unsigned char*, unsigned int)
 .text._ZN5daisy9UsbHandle16TransmitExternalEPhj
                0x0800f1e0       0x14 ../DaisyExamples/libDaisy/build\libdaisy.a(usb.o)
                0x0800f1e0                daisy::UsbHandle::TransmitExternal(unsigned char*, unsigned int)
 .text._ZN5daisy9UsbHandle18SetReceiveCallbackEPFvPhPmENS0_9UsbPeriphE
                0x0800f1f4       0x38 ../DaisyExamples/libDaisy/build\libdaisy.a(usb.o)
                0x0800f1f4                daisy::UsbHandle::SetReceiveCallback(void (*)(unsigned char*, unsigned long*), daisy::UsbHandle::UsbPeriph)
 .text.OTG_FS_EP1_OUT_IRQHandler
                0x0800f22c        0xc ../DaisyExamples/libDaisy/build\libdaisy.a(usb.o)
                0x0800f22c                OTG_FS_EP1_OUT_IRQHandler
 .text.OTG_FS_EP1_IN_IRQHandler
                0x0800f238        0xc ../DaisyExamples/libDaisy/build\libdaisy.a(usb.o)
                0x0800f238                OTG_FS_EP1_IN_IRQHandler
 .text.OTG_FS_IRQHandler
                0x0800f244        0xc ../DaisyExamples/libDaisy/build\libdaisy.a(usb.o)
                0x0800f244                OTG_FS_IRQHandler
 .text._ZN5daisy6Random4InitEv
                0x0800f250       0x3c ../DaisyExamples/libDaisy/build\libdaisy.a(rng.o)
                0x0800f250                daisy::Random::Init()
 .text._ZN5daisy9SpiHandle4Impl7InitDmaEv
                0x0800f28c       0xec ../DaisyExamples/libDaisy/build\libdaisy.a(spi.o)
                0x0800f28c                daisy::SpiHandle::Impl::InitDma()
 .text._ZN5daisy9SpiHandle4Impl10StartDmaTxEPhjPFvPvEPFvS3_NS0_6ResultEES3_
                0x0800f378       0xc8 ../DaisyExamples/libDaisy/build\libdaisy.a(spi.o)
                0x0800f378                daisy::SpiHandle::Impl::StartDmaTx(unsigned char*, unsigned int, void (*)(void*), void (*)(void*, daisy::SpiHandle::Result), void*)
 .text._ZN5daisy9SpiHandle4Impl10StartDmaRxEPhjPFvPvEPFvS3_NS0_6ResultEES3_
                0x0800f440       0xc8 ../DaisyExamples/libDaisy/build\libdaisy.a(spi.o)
                0x0800f440                daisy::SpiHandle::Impl::StartDmaRx(unsigned char*, unsigned int, void (*)(void*), void (*)(void*, daisy::SpiHandle::Result), void*)
 .text._ZN5daisy9SpiHandle4Impl12StartDmaRxTxEPhS2_jPFvPvEPFvS3_NS0_6ResultEES3_
                0x0800f508       0xcc ../DaisyExamples/libDaisy/build\libdaisy.a(spi.o)
                0x0800f508                daisy::SpiHandle::Impl::StartDmaRxTx(unsigned char*, unsigned char*, unsigned int, void (*)(void*), void (*)(void*, daisy::SpiHandle::Result), void*)
 .text._ZN5daisy9SpiHandle4Impl8InitPinsEv
                0x0800f5d4      0x274 ../DaisyExamples/libDaisy/build\libdaisy.a(spi.o)
                0x0800f5d4                daisy::SpiHandle::Impl::InitPins()
 .text.HAL_SPI_MspInit
                0x0800f848      0x1a8 ../DaisyExamples/libDaisy/build\libdaisy.a(spi.o)
                0x0800f848                HAL_SPI_MspInit
 .text.dsy_spi_global_init
                0x0800f9f0       0x80 ../DaisyExamples/libDaisy/build\libdaisy.a(spi.o)
                0x0800f9f0                dsy_spi_global_init
 .text.SPI1_IRQHandler
                0x0800fa70        0xc ../DaisyExamples/libDaisy/build\libdaisy.a(spi.o)
                0x0800fa70                SPI1_IRQHandler
 .text.SPI2_IRQHandler
                0x0800fa7c        0xc ../DaisyExamples/libDaisy/build\libdaisy.a(spi.o)
                0x0800fa7c                SPI2_IRQHandler
 .text.SPI3_IRQHandler
                0x0800fa88        0xc ../DaisyExamples/libDaisy/build\libdaisy.a(spi.o)
                0x0800fa88                SPI3_IRQHandler
 .text.SPI4_IRQHandler
                0x0800fa94        0xc ../DaisyExamples/libDaisy/build\libdaisy.a(spi.o)
                0x0800fa94                SPI4_IRQHandler
 .text.SPI5_IRQHandler
                0x0800faa0        0xc ../DaisyExamples/libDaisy/build\libdaisy.a(spi.o)
                0x0800faa0                SPI5_IRQHandler
 .text.DMA2_Stream2_IRQHandler
                0x0800faac       0x34 ../DaisyExamples/libDaisy/build\libdaisy.a(spi.o)
                0x0800faac                DMA2_Stream2_IRQHandler
 .text.DMA2_Stream3_IRQHandler
                0x0800fae0       0x38 ../DaisyExamples/libDaisy/build\libdaisy.a(spi.o)
                0x0800fae0                DMA2_Stream3_IRQHandler
 .text.HAL_SPI_TxCpltCallback
                0x0800fb18       0xc4 ../DaisyExamples/libDaisy/build\libdaisy.a(spi.o)
                0x0800fb18                HAL_SPI_TxCpltCallback
 .text.HAL_SPI_RxCpltCallback
                0x0800fbdc       0xc4 ../DaisyExamples/libDaisy/build\libdaisy.a(spi.o)
                0x0800fbdc                HAL_SPI_RxCpltCallback
 .text.HAL_SPI_TxRxCpltCallback
                0x0800fca0       0xc4 ../DaisyExamples/libDaisy/build\libdaisy.a(spi.o)
                0x0800fca0                HAL_SPI_TxRxCpltCallback
 .text.HAL_SPI_ErrorCallback
                0x0800fd64       0xc8 ../DaisyExamples/libDaisy/build\libdaisy.a(spi.o)
                0x0800fd64                HAL_SPI_ErrorCallback
 .text.startup._GLOBAL__sub_I__Z19MapInstanceToHandleP11SPI_TypeDef
                0x0800fe2c      0x1b0 ../DaisyExamples/libDaisy/build\libdaisy.a(spi.o)
 .text.HAL_TIM_Base_MspInit
                0x0800ffdc      0x1e0 ../DaisyExamples/libDaisy/build\libdaisy.a(tim.o)
                0x0800ffdc                HAL_TIM_Base_MspInit
 .text.HAL_TIM_PeriodElapsedCallback
                0x080101bc       0x44 ../DaisyExamples/libDaisy/build\libdaisy.a(tim.o)
                0x080101bc                HAL_TIM_PeriodElapsedCallback
 .text.TIM2_IRQHandler
                0x08010200        0xc ../DaisyExamples/libDaisy/build\libdaisy.a(tim.o)
                0x08010200                TIM2_IRQHandler
 .text.TIM3_IRQHandler
                0x0801020c        0xc ../DaisyExamples/libDaisy/build\libdaisy.a(tim.o)
                0x0801020c                TIM3_IRQHandler
 .text.TIM4_IRQHandler
                0x08010218        0xc ../DaisyExamples/libDaisy/build\libdaisy.a(tim.o)
                0x08010218                TIM4_IRQHandler
 .text.TIM5_IRQHandler
                0x08010224        0xc ../DaisyExamples/libDaisy/build\libdaisy.a(tim.o)
                0x08010224                TIM5_IRQHandler
 .text._ZN5daisy11TimerHandle4InitERKNS0_6ConfigE
                0x08010230       0xd0 ../DaisyExamples/libDaisy/build\libdaisy.a(tim.o)
                0x08010230                daisy::TimerHandle::Init(daisy::TimerHandle::Config const&)
 .text._ZN5daisy11TimerHandle5StartEv
                0x08010300       0x24 ../DaisyExamples/libDaisy/build\libdaisy.a(tim.o)
                0x08010300                daisy::TimerHandle::Start()
 .text._ZN5daisy11TimerHandle7DelayUsEm
                0x08010324       0x34 ../DaisyExamples/libDaisy/build\libdaisy.a(tim.o)
                0x08010324                daisy::TimerHandle::DelayUs(unsigned long)
 .text.startup._GLOBAL__sub_I__ZN5daisy11TimerHandle4Impl4InitERKNS0_6ConfigE
                0x08010358       0x38 ../DaisyExamples/libDaisy/build\libdaisy.a(tim.o)
 .text.dummy_rx_callback
                0x08010390        0x4 ../DaisyExamples/libDaisy/build\libdaisy.a(usbd_cdc_if.o)
                0x08010390                dummy_rx_callback
 .text.CDC_DeInit_FS
                0x08010394        0x4 ../DaisyExamples/libDaisy/build\libdaisy.a(usbd_cdc_if.o)
 .text.CDC_Receive_FS
                0x08010398       0x2c ../DaisyExamples/libDaisy/build\libdaisy.a(usbd_cdc_if.o)
 .text.CDC_Receive_HS
                0x080103c4       0x2c ../DaisyExamples/libDaisy/build\libdaisy.a(usbd_cdc_if.o)
 .text.CDC_Init_FS
                0x080103f0       0x3c ../DaisyExamples/libDaisy/build\libdaisy.a(usbd_cdc_if.o)
 .text.CDC_Init_HS
                0x0801042c       0x3c ../DaisyExamples/libDaisy/build\libdaisy.a(usbd_cdc_if.o)
 .text.CDC_Control_FS
                0x08010468       0x34 ../DaisyExamples/libDaisy/build\libdaisy.a(usbd_cdc_if.o)
 .text.CDC_Control_HS
                0x0801049c       0x34 ../DaisyExamples/libDaisy/build\libdaisy.a(usbd_cdc_if.o)
 .text.CDC_DeInit_HS
                0x080104d0        0x4 ../DaisyExamples/libDaisy/build\libdaisy.a(usbd_cdc_if.o)
 .text.CDC_Transmit_FS
                0x080104d4       0x2c ../DaisyExamples/libDaisy/build\libdaisy.a(usbd_cdc_if.o)
                0x080104d4                CDC_Transmit_FS
 .text.CDC_Transmit_HS
                0x08010500       0x2c ../DaisyExamples/libDaisy/build\libdaisy.a(usbd_cdc_if.o)
                0x08010500                CDC_Transmit_HS
 .text.CDC_Set_Rx_Callback_FS
                0x0801052c        0xc ../DaisyExamples/libDaisy/build\libdaisy.a(usbd_cdc_if.o)
                0x0801052c                CDC_Set_Rx_Callback_FS
 .text.CDC_Set_Rx_Callback_HS
                0x08010538        0xc ../DaisyExamples/libDaisy/build\libdaisy.a(usbd_cdc_if.o)
                0x08010538                CDC_Set_Rx_Callback_HS
 .text.USBD_HS_DeviceDescriptor
                0x08010544        0xc ../DaisyExamples/libDaisy/build\libdaisy.a(usbd_desc.o)
                0x08010544                USBD_HS_DeviceDescriptor
 .text.USBD_FS_DeviceDescriptor
                0x08010550        0xc ../DaisyExamples/libDaisy/build\libdaisy.a(usbd_desc.o)
                0x08010550                USBD_FS_DeviceDescriptor
 .text.USBD_FS_LangIDStrDescriptor
                0x0801055c        0xc ../DaisyExamples/libDaisy/build\libdaisy.a(usbd_desc.o)
                0x0801055c                USBD_FS_LangIDStrDescriptor
 .text.USBD_FS_ManufacturerStrDescriptor
                0x08010568       0x1c ../DaisyExamples/libDaisy/build\libdaisy.a(usbd_desc.o)
                0x08010568                USBD_FS_ManufacturerStrDescriptor
 .text.USBD_HS_ProductStrDescriptor
                0x08010584       0x1c ../DaisyExamples/libDaisy/build\libdaisy.a(usbd_desc.o)
                0x08010584                USBD_HS_ProductStrDescriptor
 .text.USBD_FS_ConfigStrDescriptor
                0x080105a0       0x1c ../DaisyExamples/libDaisy/build\libdaisy.a(usbd_desc.o)
                0x080105a0                USBD_FS_ConfigStrDescriptor
 .text.USBD_FS_InterfaceStrDescriptor
                0x080105bc       0x1c ../DaisyExamples/libDaisy/build\libdaisy.a(usbd_desc.o)